Component: ARM Compiler 5.06 update 7 (build 960) Tool: armlink [4d3601]

==============================================================================

Section Cross References

    main.o(i.main) refers to sys.o(i.SYS_Init) for SYS_Init
    main.o(i.main) refers to sys.o(i.SYS_Run) for SYS_Run
    sys.o(i.Print_Data_Detect) refers to uart.o(i.Usart_Send_Char) for Usart_Send_Char
    sys.o(i.Print_Data_Detect) refers to fflt_clz.o(x$fpl$ffltu) for __aeabi_ui2f
    sys.o(i.Print_Data_Detect) refers to uart.o(i.Usart_SendNumber) for Usart_SendNumber
    sys.o(i.Print_Data_Detect) refers to uart.o(i.Usart_Send_String) for Usart_Send_String
    sys.o(i.Print_Data_Detect) refers to sys.o(.bss) for frame_detect
    sys.o(i.SYS_ButtonFunction) refers to button.o(i.BUTTON_Reads) for BUTTON_Reads
    sys.o(i.SYS_ButtonFunction) refers to button.o(i.BUTTON_Read3) for BUTTON_Read3
    sys.o(i.SYS_ButtonFunction) refers to button.o(i.BUTTON_Display) for BUTTON_Display
    sys.o(i.SYS_ButtonFunction) refers to ui.o(i.UI_Score1) for UI_Score1
    sys.o(i.SYS_ButtonFunction) refers to ui.o(i.UI_Score2) for UI_Score2
    sys.o(i.SYS_ButtonFunction) refers to ui.o(i.UI_RoundNumber) for UI_RoundNumber
    sys.o(i.SYS_ButtonFunction) refers to button.o(.data) for count1
    sys.o(i.SYS_ButtonFunction) refers to sys.o(.data) for game_ended
    sys.o(i.SYS_ButtonFunction) refers to touch.o(.data) for select_round
    sys.o(i.SYS_Init) refers to gpio.o(i.GPIO_Inits) for GPIO_Inits
    sys.o(i.SYS_Init) refers to uart.o(i.Usart_Config) for Usart_Config
    sys.o(i.SYS_Init) refers to delay.o(i.DELAY_Init) for DELAY_Init
    sys.o(i.SYS_Init) refers to lcd.o(i.LCD_Init) for LCD_Init
    sys.o(i.SYS_Init) refers to touch.o(i.TOUCH_Init) for TOUCH_Init
    sys.o(i.SYS_Init) refers to sys.o(i.SYS_ReadFlash) for SYS_ReadFlash
    sys.o(i.SYS_Init) refers to ui.o(i.UI_Init) for UI_Init
    sys.o(i.SYS_Init) refers to ui.o(.data) for previous_point1
    sys.o(i.SYS_Init) refers to button.o(.data) for current_player
    sys.o(i.SYS_ReadFlash) refers to rt_memcpy_v6.o(.text) for __aeabi_memcpy
    sys.o(i.SYS_ReadFlash) refers to flash.o(i.Flash_ReadStruct) for Flash_ReadStruct
    sys.o(i.SYS_ReadFlash) refers to sys.o(.bss) for flash_read_str
    sys.o(i.SYS_ReadFlash) refers to touch.o(.data) for select_round
    sys.o(i.SYS_ReadFlash) refers to button.o(.data) for game_round
    sys.o(i.SYS_ReadFlash) refers to ui.o(.data) for previous_point1
    sys.o(i.SYS_ReceiveFuntion) refers to uart.o(i.Usart_CheckFlag_Fsm) for Usart_CheckFlag_Fsm
    sys.o(i.SYS_ReceiveFuntion) refers to uart.o(i.Usart_Send_Char) for Usart_Send_Char
    sys.o(i.SYS_ReceiveFuntion) refers to message.o(i.SEC_Message_Detect_Frame) for SEC_Message_Detect_Frame
    sys.o(i.SYS_ReceiveFuntion) refers to rt_memcpy_v6.o(.text) for __aeabi_memcpy
    sys.o(i.SYS_ReceiveFuntion) refers to sys.o(i.Print_Data_Detect) for Print_Data_Detect
    sys.o(i.SYS_ReceiveFuntion) refers to fflt_clz.o(x$fpl$ffltu) for __aeabi_ui2f
    sys.o(i.SYS_ReceiveFuntion) refers to uart.o(i.Usart_SendNumber) for Usart_SendNumber
    sys.o(i.SYS_ReceiveFuntion) refers to uart.o(i.Usart_Send_String) for Usart_Send_String
    sys.o(i.SYS_ReceiveFuntion) refers to ui.o(i.UI_Points1) for UI_Points1
    sys.o(i.SYS_ReceiveFuntion) refers to ui.o(i.UI_Points2) for UI_Points2
    sys.o(i.SYS_ReceiveFuntion) refers to ui.o(i.UI_Score1) for UI_Score1
    sys.o(i.SYS_ReceiveFuntion) refers to ui.o(i.UI_Score2) for UI_Score2
    sys.o(i.SYS_ReceiveFuntion) refers to ui.o(i.UI_RoundNumber) for UI_RoundNumber
    sys.o(i.SYS_ReceiveFuntion) refers to h1_free.o(.text) for free
    sys.o(i.SYS_ReceiveFuntion) refers to h1_alloc.o(.text) for malloc
    sys.o(i.SYS_ReceiveFuntion) refers to ui.o(i.UI_NamePlayer) for UI_NamePlayer
    sys.o(i.SYS_ReceiveFuntion) refers to sys.o(.data) for count
    sys.o(i.SYS_ReceiveFuntion) refers to uart.o(.bss) for arr_data_fsm
    sys.o(i.SYS_ReceiveFuntion) refers to fsm_array_receive.o(.data) for length_arr_recerive
    sys.o(i.SYS_ReceiveFuntion) refers to sys.o(.bss) for frame_detect
    sys.o(i.SYS_ReceiveFuntion) refers to touch.o(.data) for select_round
    sys.o(i.SYS_ReceiveFuntion) refers to button.o(.data) for game_round
    sys.o(i.SYS_Run) refers to sys.o(i.SYS_WriteFlash) for SYS_WriteFlash
    sys.o(i.SYS_Run) refers to sys.o(i.SYS_ButtonFunction) for SYS_ButtonFunction
    sys.o(i.SYS_Run) refers to touch.o(i.TP_Screen) for TP_Screen
    sys.o(i.SYS_Run) refers to touch.o(i.TP_Touch) for TP_Touch
    sys.o(i.SYS_WriteFlash) refers to flash.o(i.Flash_Unlock) for Flash_Unlock
    sys.o(i.SYS_WriteFlash) refers to flash.o(i.Flash_Erase) for Flash_Erase
    sys.o(i.SYS_WriteFlash) refers to rt_memcpy_v6.o(.text) for __aeabi_memcpy
    sys.o(i.SYS_WriteFlash) refers to flash.o(i.Flash_WriteStruct) for Flash_WriteStruct
    sys.o(i.SYS_WriteFlash) refers to flash.o(i.Flash_Lock) for Flash_Lock
[...]
    ..\\USER\\ui.c                           0x00000000   Number         0  ui.o ABSOLUTE
    C:\Keil_v5\ARM\PACK\Keil\STM32F1xx_DFP\2.4.1\Device\StdPeriph_Driver\src\misc.c 0x00000000   Number         0  misc.o ABSOLUTE
    C:\Keil_v5\ARM\PACK\Keil\STM32F1xx_DFP\2.4.1\Device\StdPeriph_Driver\src\stm32f10x_gpio.c 0x00000000   Number         0  stm32f10x_gpio.o ABSOLUTE
    C:\Keil_v5\ARM\PACK\Keil\STM32F1xx_DFP\2.4.1\Device\StdPeriph_Driver\src\stm32f10x_rcc.c 0x00000000   Number         0  stm32f10x_rcc.o ABSOLUTE
    C:\Keil_v5\ARM\PACK\Keil\STM32F1xx_DFP\2.4.1\Device\StdPeriph_Driver\src\stm32f10x_spi.c 0x00000000   Number         0  stm32f10x_spi.o ABSOLUTE
    C:\Keil_v5\ARM\PACK\Keil\STM32F1xx_DFP\2.4.1\Device\StdPeriph_Driver\src\stm32f10x_usart.c 0x00000000   Number         0  stm32f10x_usart.o ABSOLUTE
    C:\\Keil_v5\\ARM\\PACK\\Keil\\STM32F1xx_DFP\\2.4.1\\Device\\StdPeriph_Driver\\src\\misc.c 0x00000000   Number         0  misc.o ABSOLUTE
    C:\\Keil_v5\\ARM\\PACK\\Keil\\STM32F1xx_DFP\\2.4.1\\Device\\StdPeriph_Driver\\src\\stm32f10x_gpio.c 0x00000000   Number         0  stm32f10x_gpio.o ABSOLUTE
    C:\\Keil_v5\\ARM\\PACK\\Keil\\STM32F1xx_DFP\\2.4.1\\Device\\StdPeriph_Driver\\src\\stm32f10x_rcc.c 0x00000000   Number         0  stm32f10x_rcc.o ABSOLUTE
    C:\\Keil_v5\\ARM\\PACK\\Keil\\STM32F1xx_DFP\\2.4.1\\Device\\StdPeriph_Driver\\src\\stm32f10x_spi.c 0x00000000   Number         0  stm32f10x_spi.o ABSOLUTE
    C:\\Keil_v5\\ARM\\PACK\\Keil\\STM32F1xx_DFP\\2.4.1\\Device\\StdPeriph_Driver\\src\\stm32f10x_usart.c 0x00000000   Number         0  stm32f10x_usart.o ABSOLUTE
    RTE\Device\STM32F103C8\startup_stm32f10x_md.s 0x00000000   Number         0  startup_stm32f10x_md.o ABSOLUTE
    RTE\Device\STM32F103C8\system_stm32f10x.c 0x00000000   Number         0  system_stm32f10x.o ABSOLUTE
    RTE\\Device\\STM32F103C8\\system_stm32f10x.c 0x00000000   Number         0  system_stm32f10x.o ABSOLUTE
    dc.s                                     0x00000000   Number         0  dc.o ABSOLUTE
    RESET                                    0x08000000   Section      236  startup_stm32f10x_md.o(RESET)
    !!!main                                  0x080000ec   Section        8  __main.o(!!!main)
    !!!scatter                               0x080000f4   Section       52  __scatter.o(!!!scatter)
    !!handler_copy                           0x08000128   Section       26  __scatter_copy.o(!!handler_copy)
    !!handler_zi                             0x08000144   Section       28  __scatter_zi.o(!!handler_zi)
    .ARM.Collect$$libinit$$00000000          0x08000160   Section        2  libinit.o(.ARM.Collect$$libinit$$00000000)
    .ARM.Collect$$libinit$$00000002          0x08000162   Section        0  libinit2.o(.ARM.Collect$$libinit$$00000002)
    .ARM.Collect$$libinit$$00000004          0x08000162   Section        0  libinit2.o(.ARM.Collect$$libinit$$00000004)
    .ARM.Collect$$libinit$$00000005          0x08000162   Section        8  libinit2.o(.ARM.Collect$$libinit$$00000005)
    .ARM.Collect$$libinit$$0000000A          0x0800016a   Section        0  libinit2.o(.ARM.Collect$$libinit$$0000000A)
    .ARM.Collect$$libinit$$0000000C          0x0800016a   Section        0  libinit2.o(.ARM.Collect$$libinit$$0000000C)
    .ARM.Collect$$libinit$$0000000E          0x0800016a   Section        0  libinit2.o(.ARM.Collect$$libinit$$0000000E)
    .ARM.Collect$$libinit$$00000011          0x0800016a   Section        0  libinit2.o(.ARM.Collect$$libinit$$00000011)
    .ARM.Collect$$libinit$$00000013          0x0800016a   Section        0  libinit2.o(.ARM.Collect$$libinit$$00000013)
    .ARM.Collect$$libinit$$00000015          0x0800016a   Section        0  libinit2.o(.ARM.Collect$$libinit$$00000015)
    .ARM.Collect$$libinit$$00000017          0x0800016a   Section        0  libinit2.o(.ARM.Collect$$libinit$$00000017)
    .ARM.Collect$$libinit$$00000019          0x0800016a   Section        0  libinit2.o(.ARM.Collect$$libinit$$00000019)
    .ARM.Collect$$libinit$$0000001B          0x0800016a   Section        0  libinit2.o(.ARM.Collect$$libinit$$0000001B)
    .ARM.Collect$$libinit$$0000001D          0x0800016a   Section        0  libinit2.o(.ARM.Collect$$libinit$$0000001D)
    .ARM.Collect$$libinit$$0000001F          0x0800016a   Section        0  libinit2.o(.ARM.Collect$$libinit$$0000001F)
    .ARM.Collect$$libinit$$00000021          0x0800016a   Section        0  libinit2.o(.ARM.Collect$$libinit$$00000021)
    .ARM.Collect$$libinit$$00000023          0x0800016a   Section        0  libinit2.o(.ARM.Collect$$libinit$$00000023)
    .ARM.Collect$$libinit$$00000025          0x0800016a   Section        0  libinit2.o(.ARM.Collect$$libinit$$00000025)
    .ARM.Collect$$libinit$$0000002C          0x0800016a   Section        0  libinit2.o(.ARM.Collect$$libinit$$0000002C)
    .ARM.Collect$$libinit$$0000002E          0x0800016a   Section        0  libinit2.o(.ARM.Collect$$libinit$$0000002E)
    .ARM.Collect$$libinit$$00000030          0x0800016a   Section        0  libinit2.o(.ARM.Collect$$libinit$$00000030)
    .ARM.Collect$$libinit$$00000032          0x0800016a   Section        0  libinit2.o(.ARM.Collect$$libinit$$00000032)
    .ARM.Collect$$libinit$$00000033          0x0800016a   Section        2  libinit2.o(.ARM.Collect$$libinit$$00000033)
    .ARM.Collect$$libshutdown$$00000000      0x0800016c   Section        2  libshutdown.o(.ARM.Collect$$libshutdown$$00000000)
    .ARM.Collect$$libshutdown$$00000002      0x0800016e   Section        0  libshutdown2.o(.ARM.Collect$$libshutdown$$00000002)
    .ARM.Collect$$libshutdown$$00000004      0x0800016e   Section        0  libshutdown2.o(.ARM.Collect$$libshutdown$$00000004)
    .ARM.Collect$$libshutdown$$00000006      0x0800016e   Section        0  libshutdown2.o(.ARM.Collect$$libshutdown$$00000006)
    .ARM.Collect$$libshutdown$$00000009      0x0800016e   Section        0  libshutdown2.o(.ARM.Collect$$libshutdown$$00000009)
    .ARM.Collect$$libshutdown$$0000000C      0x0800016e   Section        0  libshutdown2.o(.ARM.Collect$$libshutdown$$0000000C)
    .ARM.Collect$$libshutdown$$0000000E      0x0800016e   Section        0  libshutdown2.o(.ARM.Collect$$libshutdown$$0000000E)
    .ARM.Collect$$libshutdown$$00000011      0x0800016e   Section        0  libshutdown2.o(.ARM.Collect$$libshutdown$$00000011)
    .ARM.Collect$$libshutdown$$00000012      0x0800016e   Section        2  libshutdown2.o(.ARM.Collect$$libshutdown$$00000012)
    .ARM.Collect$$rtentry$$00000000          0x08000170   Section        0  __rtentry.o(.ARM.Collect$$rtentry$$00000000)
    .ARM.Collect$$rtentry$$00000002          0x08000170   Section        0  __rtentry2.o(.ARM.Collect$$rtentry$$00000002)
    .ARM.Collect$$rtentry$$00000004          0x08000170   Section        6  __rtentry4.o(.ARM.Collect$$rtentry$$00000004)
    .ARM.Collect$$rtentry$$00000009          0x08000176   Section        0  __rtentry2.o(.ARM.Collect$$rtentry$$00000009)
    .ARM.Collect$$rtentry$$0000000A          0x08000176   Section        4  __rtentry2.o(.ARM.Collect$$rtentry$$0000000A)
    .ARM.Collect$$rtentry$$0000000C          0x0800017a   Section        0  __rtentry2.o(.ARM.Collect$$rtentry$$0000000C)
    .ARM.Collect$$rtentry$$0000000D          0x0800017a   Section        8  __rtentry2.o(.ARM.Collect$$rtentry$$0000000D)
    .ARM.Collect$$rtexit$$00000000           0x08000182   Section        2  rtexit.o(.ARM.Collect$$rtexit$$00000000)
    .ARM.Collect$$rtexit$$00000002           0x08000184   Section        0  rtexit2.o(.ARM.Collect$$rtexit$$00000002)
    .ARM.Collect$$rtexit$$00000003           0x08000184   Section        4  rtexit2.o(.ARM.Collect$$rtexit$$00000003)
    .ARM.Collect$$rtexit$$00000004           0x08000188   Section        6  rtexit2.o(.ARM.Collect$$rtexit$$00000004)
    .emb_text                                0x08000190   Section        0  maybetermalloc1.o(.emb_text)
    .text                                    0x08000190   Section       64  startup_stm32f10x_md.o(.text)
    .text                                    0x080001d0   Section        0  h1_alloc.o(.text)
    .text                                    0x0800022e   Section        0  h1_free.o(.text)
    .text                                    0x0800027c   Section      138  rt_memcpy_v6.o(.text)
    .text                                    0x08000306   Section        0  heapauxi.o(.text)
    .text                                    0x0800030c   Section        8  rt_heap_descriptor_intlibspace.o(.text)
    .text                                    0x08000314   Section        0  hguard.o(.text)
    .text                                    0x08000318   Section        0  init_alloc.o(.text)
    .text                                    0x080003a2   Section        0  h1_init.o(.text)
    .text                                    0x080003b0   Section      100  rt_memcpy_w.o(.text)
    .text                                    0x08000414   Section        8  libspace.o(.text)
    .text                                    0x0800041c   Section        0  h1_extend.o(.text)
    .text                                    0x08000450   Section        0  defsig_rtmem_outer.o(.text)
    .text                                    0x0800045e   Section        2  use_no_semi.o(.text)
    .text                                    0x08000460   Section        0  indicate_semi.o(.text)
    .text                                    0x08000460   Section       74  sys_stackheap_outer.o(.text)
    .text                                    0x080004aa   Section        0  exit.o(.text)
    .text                                    0x080004bc   Section        0  defsig_exit.o(.text)
    .text                                    0x080004c8   Section        0  defsig_rtmem_inner.o(.text)
    .text                                    0x08000518   Section        0  sys_exit.o(.text)
    .text                                    0x08000524   Section        0  defsig_general.o(.text)
    .text                                    0x08000556   Section        0  sys_wrch.o(.text)
    i.BUTTON_Display                         0x08000564   Section        0  button.o(i.BUTTON_Display)
    i.BUTTON_Read3                           0x080005d0   Section        0  button.o(i.BUTTON_Read3)
    i.BUTTON_Reads                           0x08000668   Section        0  button.o(i.BUTTON_Reads)
    i.Convert_HexToString                    0x08000730   Section        0  convert.o(i.Convert_HexToString)
    i.DELAY_Init                             0x08000754   Section        0  delay.o(i.DELAY_Init)
    i.DELAY_ms                               0x080007b8   Section        0  delay.o(i.DELAY_ms)
    i.Flash_Erase                            0x080007cc   Section        0  flash.o(i.Flash_Erase)
    i.Flash_Lock                             0x0800081c   Section        0  flash.o(i.Flash_Lock)
    i.Flash_Read8bit                         0x08000830   Section        0  flash.o(i.Flash_Read8bit)
    i.Flash_ReadString                       0x0800083e   Section        0  flash.o(i.Flash_ReadString)
    i.Flash_ReadStruct                       0x08000894   Section        0  flash.o(i.Flash_ReadStruct)
    i.Flash_Unlock                           0x08000960   Section        0  flash.o(i.Flash_Unlock)
    i.Flash_Write8bit                        0x08000978   Section        0  flash.o(i.Flash_Write8bit)
    i.Flash_WriteString                      0x080009cc   Section        0  flash.o(i.Flash_WriteString)
    i.Flash_WriteStruct                      0x08000a64   Section        0  flash.o(i.Flash_WriteStruct)
    i.Fn_INPUT_ReadInput                     0x08000ac8   Section        0  touch.o(i.Fn_INPUT_ReadInput)
    i.Fsm_Test_Array_Receive                 0x08000b04   Section        0  fsm_array_receive.o(i.Fsm_Test_Array_Receive)
    i.GPIO_Init                              0x08000bf0   Section        0  stm32f10x_gpio.o(i.GPIO_Init)
    i.GPIO_InitButton                        0x08000d08   Section        0  gpio.o(i.GPIO_InitButton)
    GPIO_InitButton                          0x08000d09   Thumb Code    46  gpio.o(i.GPIO_InitButton)
    i.GPIO_InitLed                           0x08000d40   Section        0  gpio.o(i.GPIO_InitLed)
    GPIO_InitLed                             0x08000d41   Thumb Code    54  gpio.o(i.GPIO_InitLed)
    i.GPIO_InitSpi                           0x08000d7c   Section        0  gpio.o(i.GPIO_InitSpi)
    GPIO_InitSpi                             0x08000d7d   Thumb Code    90  gpio.o(i.GPIO_InitSpi)
    i.GPIO_Inits                             0x08000ddc   Section        0  gpio.o(i.GPIO_Inits)
    i.GPIO_LedChange                         0x08000dec   Section        0  gpio.o(i.GPIO_LedChange)
    i.GPIO_PinRemapConfig                    0x08000e7c   Section        0  stm32f10x_gpio.o(i.GPIO_PinRemapConfig)
    i.GPIO_ReadInputDataBit                  0x08000f0c   Section        0  stm32f10x_gpio.o(i.GPIO_ReadInputDataBit)
    i.GPIO_ResetBits                         0x08000f1e   Section        0  stm32f10x_gpio.o(i.GPIO_ResetBits)
    i.GPIO_SetBits                           0x08000f22   Section        0  stm32f10x_gpio.o(i.GPIO_SetBits)
    i.GPIO_WriteBit                          0x08000f26   Section        0  stm32f10x_gpio.o(i.GPIO_WriteBit)
    i.GUI_DrawPoint                          0x08000f30   Section        0  display.o(i.GUI_DrawPoint)
    i.LCD_DrawLine                           0x08000f48   Section        0  display.o(i.LCD_DrawLine)
    i.LCD_DrawPoint                          0x08000ff8   Section        0  lcd.o(i.LCD_DrawPoint)
    i.LCD_Fill                               0x08001014   Section        0  display.o(i.LCD_Fill)
    i.LCD_Init                               0x08001090   Section        0  lcd.o(i.LCD_Init)
    i.LCD_RESET                              0x080012cc   Section        0  lcd.o(i.LCD_RESET)
    i.LCD_SetCursor                          0x080012f4   Section        0  lcd.o(i.LCD_SetCursor)
    i.LCD_SetWindows                         0x08001308   Section        0  lcd.o(i.LCD_SetWindows)
    i.LCD_ShowChar                           0x08001360   Section        0  display.o(i.LCD_ShowChar)
    i.LCD_ShowString                         0x08001504   Section        0  display.o(i.LCD_ShowString)
    i.LCD_Show_24x48_char                    0x08001574   Section        0  display.o(i.LCD_Show_24x48_char)
    i.LCD_WR_DATA                            0x080016b8   Section        0  lcd.o(i.LCD_WR_DATA)
    i.LCD_WR_REG                             0x080016e8   Section        0  lcd.o(i.LCD_WR_REG)
    i.LCD_WriteRAM_Prepare                   0x08001714   Section        0  lcd.o(i.LCD_WriteRAM_Prepare)
    i.LCD_WriteReg                           0x08001724   Section        0  lcd.o(i.LCD_WriteReg)
    i.LCD_direction                          0x08001738   Section        0  lcd.o(i.LCD_direction)
    i.Lcd_WriteData_16Bit                    0x080017bc   Section        0  lcd.o(i.Lcd_WriteData_16Bit)
    i.Pin_Config                             0x080017f4   Section        0  uart.o(i.Pin_Config)
    Pin_Config                               0x080017f5   Thumb Code   108  uart.o(i.Pin_Config)
    i.Print_Data_Detect                      0x08001870   Section        0  sys.o(i.Print_Data_Detect)
    Print_Data_Detect                        0x08001871   Thumb Code    74  sys.o(i.Print_Data_Detect)
    i.RCC_APB1PeriphClockCmd                 0x080018c0   Section        0  stm32f10x_rcc.o(i.RCC_APB1PeriphClockCmd)
    i.RCC_APB2PeriphClockCmd                 0x080018e0   Section        0  stm32f10x_rcc.o(i.RCC_APB2PeriphClockCmd)
    i.RCC_GetClocksFreq                      0x08001900   Section        0  stm32f10x_rcc.o(i.RCC_GetClocksFreq)
    i.SEC_Message_Detect_Frame               0x080019d4   Section        0  message.o(i.SEC_Message_Detect_Frame)
    i.SPI2_Init                              0x08001a7c   Section        0  spi.o(i.SPI2_Init)
    i.SPI_CalculateCRC                       0x08001b40   Section        0  stm32f10x_spi.o(i.SPI_CalculateCRC)
    i.SPI_Cmd                                0x08001b58   Section        0  stm32f10x_spi.o(i.SPI_Cmd)
    i.SPI_Init                               0x08001b70   Section        0  stm32f10x_spi.o(i.SPI_Init)
    i.SPI_WriteByte                          0x08001bac   Section        0  spi.o(i.SPI_WriteByte)
    i.SYS_ButtonFunction                     0x08001bd0   Section        0  sys.o(i.SYS_ButtonFunction)
    i.SYS_Init                               0x08001d28   Section        0  sys.o(i.SYS_Init)
    i.SYS_ReadFlash                          0x08001d70   Section        0  sys.o(i.SYS_ReadFlash)
    i.SYS_ReceiveFuntion                     0x08001e24   Section        0  sys.o(i.SYS_ReceiveFuntion)
    i.SYS_Run                                0x080021ec   Section        0  sys.o(i.SYS_Run)
    i.SYS_WriteFlash                         0x08002200   Section        0  sys.o(i.SYS_WriteFlash)
    i.Sec_Convert_From_Bytes_To_Uint16       0x08002268   Section        0  convert.o(i.Sec_Convert_From_Bytes_To_Uint16)
    i.SetSysClock                            0x0800227a   Section        0  system_stm32f10x.o(i.SetSysClock)
    SetSysClock                              0x0800227b   Thumb Code     8  system_stm32f10x.o(i.SetSysClock)
    i.SetSysClockTo72                        0x08002284   Section        0  system_stm32f10x.o(i.SetSysClockTo72)
    SetSysClockTo72                          0x08002285   Thumb Code   214  system_stm32f10x.o(i.SetSysClockTo72)
    i.SysTick_Handler                        0x08002364   Section        0  delay.o(i.SysTick_Handler)
    i.SystemCoreClockUpdate                  0x08002380   Section        0  system_stm32f10x.o(i.SystemCoreClockUpdate)
    i.SystemInit                             0x08002424   Section        0  system_stm32f10x.o(i.SystemInit)
    i.TOUCH_Init                             0x08002484   Section        0  touch.o(i.TOUCH_Init)
    i.TP_IRQ_Pin_Run                         0x08002514   Section        0  touch.o(i.TP_IRQ_Pin_Run)
    i.TP_Read                                0x08002530   Section        0  touch.o(i.TP_Read)
    i.TP_Read_Coordinates                    0x08002574   Section        0  touch.o(i.TP_Read_Coordinates)
    i.TP_Screen                              0x080026a8   Section        0  touch.o(i.TP_Screen)
    i.TP_Touch                               0x08002718   Section        0  touch.o(i.TP_Touch)
    i.TP_TouchReset                          0x08002720   Section        0  touch.o(i.TP_TouchReset)
    i.TP_Touchpad_Pressed                    0x08002750   Section        0  touch.o(i.TP_Touchpad_Pressed)
    i.TP_Write                               0x08002768   Section        0  touch.o(i.TP_Write)
    i.UI_Frame                               0x080027bc   Section        0  ui.o(i.UI_Frame)
    i.UI_Init                                0x08002878   Section        0  ui.o(i.UI_Init)
    i.UI_NamePlayer                          0x080028dc   Section        0  ui.o(i.UI_NamePlayer)
    i.UI_Points1                             0x080029b0   Section        0  ui.o(i.UI_Points1)
    i.UI_Points2                             0x08002a6c   Section        0  ui.o(i.UI_Points2)
    i.UI_RoundNumber                         0x08002b28   Section        0  ui.o(i.UI_RoundNumber)
    i.UI_Score1                              0x08002f18   Section        0  ui.o(i.UI_Score1)
    i.UI_Score2                              0x08002f64   Section        0  ui.o(i.UI_Score2)
    i.USART1_IRQHandler                      0x08002fb0   Section        0  uart.o(i.USART1_IRQHandler)
    i.USART_ClearITPendingBit                0x0800303c   Section        0  stm32f10x_usart.o(i.USART_ClearITPendingBit)
    i.USART_Cmd                              0x0800305a   Section        0  stm32f10x_usart.o(i.USART_Cmd)
    i.USART_GetFlagStatus                    0x08003072   Section        0  stm32f10x_usart.o(i.USART_GetFlagStatus)
    i.USART_GetITStatus                      0x0800308c   Section        0  stm32f10x_usart.o(i.USART_GetITStatus)
    i.USART_ITConfig                         0x080030e0   Section        0  stm32f10x_usart.o(i.USART_ITConfig)
    i.USART_Init                             0x0800312c   Section        0  stm32f10x_usart.o(i.USART_Init)
    i.USART_ReceiveData                      0x08003204   Section        0  stm32f10x_usart.o(i.USART_ReceiveData)
    i.USART_SendData                         0x0800320e   Section        0  stm32f10x_usart.o(i.USART_SendData)
    i.Usart_CheckFlag_Fsm                    0x08003218   Section        0  uart.o(i.Usart_CheckFlag_Fsm)
    i.Usart_Config                           0x08003234   Section        0  uart.o(i.Usart_Config)
    i.Usart_SendNumber                       0x080032ec   Section        0  uart.o(i.Usart_SendNumber)
    i.Usart_Send_Char                        0x0800339c   Section        0  uart.o(i.Usart_Send_Char)
    i.Usart_Send_String                      0x080033bc   Section        0  uart.o(i.Usart_Send_String)
    i.__NVIC_EnableIRQ                       0x080033d2   Section        0  uart.o(i.__NVIC_EnableIRQ)
    __NVIC_EnableIRQ                         0x080033d3   Thumb Code    34  uart.o(i.__NVIC_EnableIRQ)
    i._draw_circle_8                         0x080033f4   Section        0  display.o(i._draw_circle_8)
    i.gui_circle                             0x08003478   Section        0  display.o(i.gui_circle)
    i.main                                   0x08003512   Section        0  main.o(i.main)
    i.reset                                  0x08003520   Section        0  touch.o(i.reset)
    reset                                    0x08003521   Thumb Code   100  touch.o(i.reset)
    x$fpl$dadd                               0x080035a4   Section      336  daddsub_clz.o(x$fpl$dadd)
    _dadd1                                   0x080035b5   Thumb Code     0  daddsub_clz.o(x$fpl$dadd)
    x$fpl$dfixu                              0x080036f4   Section       90  dfixu.o(x$fpl$dfixu)
    x$fpl$dflt                               0x0800374e   Section       46  dflt_clz.o(x$fpl$dflt)
    x$fpl$dmul                               0x0800377c   Section      340  dmul.o(x$fpl$dmul)
    x$fpl$dnaninf                            0x080038d0   Section      156  dnaninf.o(x$fpl$dnaninf)
    x$fpl$dretinf                            0x0800396c   Section       12  dretinf.o(x$fpl$dretinf)
    x$fpl$dsub                               0x08003978   Section      468  daddsub_clz.o(x$fpl$dsub)
    _dsub1                                   0x08003989   Thumb Code     0  daddsub_clz.o(x$fpl$dsub)
    x$fpl$fadd                               0x08003b4c   Section      196  faddsub_clz.o(x$fpl$fadd)
    _fadd1                                   0x08003b5b   Thumb Code     0  faddsub_clz.o(x$fpl$fadd)
    x$fpl$fcmpinf                            0x08003c10   Section       24  fcmpi.o(x$fpl$fcmpinf)
    x$fpl$ffixu                              0x08003c28   Section       62  ffixu.o(x$fpl$ffixu)
    x$fpl$ffltu                              0x08003c68   Section       38  fflt_clz.o(x$fpl$ffltu)
    x$fpl$fleqf                              0x08003c90   Section      104  fleqf.o(x$fpl$fleqf)
    x$fpl$fnaninf                            0x08003cf8   Section      140  fnaninf.o(x$fpl$fnaninf)
    x$fpl$fretinf                            0x08003d84   Section       10  fretinf.o(x$fpl$fretinf)
    x$fpl$frsb                               0x08003d8e   Section       20  faddsub_clz.o(x$fpl$frsb)
    x$fpl$fsub                               0x08003da4   Section      234  faddsub_clz.o(x$fpl$fsub)
    _fsub1                                   0x08003db3   Thumb Code     0  faddsub_clz.o(x$fpl$fsub)
    .constdata                               0x08003e8e   Section    24046  display.o(.constdata)
    x$fpl$usenofp                            0x08003e8e   Section        0  usenofp.o(x$fpl$usenofp)
    .data                                    0x20000000   Section       20  sys.o(.data)
    game_ended                               0x20000000   Data           1  sys.o(.data)
    fsm_len_string_name1                     0x2000000c   Data           2  sys.o(.data)
    fsm_len_string_name2                     0x2000000e   Data           2  sys.o(.data)
    count                                    0x20000010   Data           4  sys.o(.data)
    .data                                    0x20000014   Section        4  delay.o(.data)
    i                                        0x20000014   Data           4  delay.o(.data)
    .data                                    0x20000018   Section        6  lcd.o(.data)
    .data                                    0x2000001e   Section        4  ui.o(.data)
    .data                                    0x20000022   Section       14  touch.o(.data)
    .data                                    0x20000030   Section        5  uart.o(.data)
    data_receice                             0x20000030   Data           1  uart.o(.data)
    flag_end_receive                         0x20000031   Data           1  uart.o(.data)
    count                                    0x20000032   Data           2  uart.o(.data)
    .data                                    0x20000036   Section       21  button.o(.data)
    stt_new1                                 0x20000036   Data           2  button.o(.data)
    stt_old1                                 0x20000038   Data           2  button.o(.data)
    stt_new2                                 0x2000003a   Data           2  button.o(.data)
    stt_old2                                 0x2000003c   Data           2  button.o(.data)
    stt_new3                                 0x2000003e   Data           2  button.o(.data)
    stt_old3                                 0x20000040   Data           2  button.o(.data)
    .data                                    0x2000004c   Section        6  flash.o(.data)
    .data                                    0x20000052   Section        5  fsm_array_receive.o(.data)
    fsm_count_array                          0x20000053   Data           1  fsm_array_receive.o(.data)
    .data                                    0x20000057   Section       20  stm32f10x_rcc.o(.data)
    APBAHBPrescTable                         0x20000057   Data          16  stm32f10x_rcc.o(.data)
    ADCPrescTable                            0x20000067   Data           4  stm32f10x_rcc.o(.data)
    .data                                    0x2000006c   Section       20  system_stm32f10x.o(.data)
    .bss                                     0x20000080   Section      194  sys.o(.bss)
    .bss                                     0x20000142   Section       14  lcd.o(.bss)
    .bss                                     0x20000150   Section       12  touch.o(.bss)
    .bss                                     0x2000015c   Section      550  uart.o(.bss)
    .bss                                     0x20000384   Section       96  libspace.o(.bss)
    HEAP                                     0x200003e8   Section      512  startup_stm32f10x_md.o(HEAP)
    Heap_Mem                                 0x200003e8   Data         512  startup_stm32f10x_md.o(HEAP)
    STACK                                    0x200005e8   Section     1024  startup_stm32f10x_md.o(STACK)
    Stack_Mem                                0x200005e8   Data        1024  startup_stm32f10x_md.o(STACK)
    __initial_sp                             0x200009e8   Data           0  startup_stm32f10x_md.o(STACK)

    Global Symbols

    Symbol Name                              Value     Ov Type        Size  Object(Section)

    BuildAttributes$$THM_ISAv4$P$D$K$B$S$PE$A:L22UL41UL21$X:L11$S22US41US21$IEEE1$IW$USESV6$~STKCKD$USESV7$~SHL$OTIME$ROPI$EBA8$UX$STANDARDLIB$REQ8$PRES8$EABIv2 0x00000000   Number         0  anon$$obj.o ABSOLUTE
    __ARM_use_no_argv                        0x00000000   Number         0  main.o ABSOLUTE
    __ARM_exceptions_init                     - Undefined Weak Reference
    __alloca_initialize                       - Undefined Weak Reference
    __arm_fini_                               - Undefined Weak Reference
    __arm_preinit_                            - Undefined Weak Reference
    __cpp_initialize__aeabi_                  - Undefined Weak Reference
    __cxa_finalize                            - Undefined Weak Reference
    __rt_locale                               - Undefined Weak Reference
    __sigvec_lookup                           - Undefined Weak Reference
    __user_heap_extent                        - Undefined Weak Reference
    _atexit_init                              - Undefined Weak Reference
    _call_atexit_fns                          - Undefined Weak Reference
    _clock_init                               - Undefined Weak Reference
    _fp_trap_init                             - Undefined Weak Reference
    _fp_trap_shutdown                         - Undefined Weak Reference
    _get_lc_collate                           - Undefined Weak Reference
    _get_lc_ctype                             - Undefined Weak Reference
    _get_lc_monetary                          - Undefined Weak Reference
    _get_lc_numeric                           - Undefined Weak Reference
    _get_lc_time                              - Undefined Weak Reference
    _getenv_init                              - Undefined Weak Reference
    _handle_redirection                       - Undefined Weak Reference
    _initio                                   - Undefined Weak Reference
    _mutex_acquire                            - Undefined Weak Reference
    _mutex_free                               - Undefined Weak Reference
    _mutex_release                            - Undefined Weak Reference
    _rand_init                                - Undefined Weak Reference
    _signal_finish                            - Undefined Weak Reference
    _signal_init                              - Undefined Weak Reference
    _terminateio                              - Undefined Weak Reference
    __Vectors_Size                           0x000000ec   Number         0  startup_stm32f10x_md.o ABSOLUTE
    __Vectors                                0x08000000   Data           4  startup_stm32f10x_md.o(RESET)
    __Vectors_End                            0x080000ec   Data           0  startup_stm32f10x_md.o(RESET)
    __main                                   0x080000ed   Thumb Code     8  __main.o(!!!main)
    __scatterload                            0x080000f5   Thumb Code     0  __scatter.o(!!!scatter)
    __scatterload_rt2                        0x080000f5   Thumb Code    44  __scatter.o(!!!scatter)
    __scatterload_rt2_thumb_only             0x080000f5   Thumb Code     0  __scatter.o(!!!scatter)
    __scatterload_null                       0x08000103   Thumb Code     0  __scatter.o(!!!scatter)
    __scatterload_copy                       0x08000129   Thumb Code    26  __scatter_copy.o(!!handler_copy)
    __scatterload_zeroinit                   0x08000145   Thumb Code    28  __scatter_zi.o(!!handler_zi)
    __rt_lib_init                            0x08000161   Thumb Code     0  libinit.o(.ARM.Collect$$libinit$$00000000)
    __rt_lib_init_fp_1                       0x08000163   Thumb Code     0  libinit2.o(.ARM.Collect$$libinit$$00000002)
    __rt_lib_init_heap_2                     0x08000163   Thumb Code     0  libinit2.o(.ARM.Collect$$libinit$$00000005)
    __rt_lib_init_preinit_1                  0x08000163   Thumb Code     0  libinit2.o(.ARM.Collect$$libinit$$00000004)
    __rt_lib_init_alloca_1                   0x0800016b   Thumb Code     0  libinit2.o(.ARM.Collect$$libinit$$0000002E)
    __rt_lib_init_argv_1                     0x0800016b   Thumb Code     0  libinit2.o(.ARM.Collect$$libinit$$0000002C)
    __rt_lib_init_atexit_1                   0x0800016b   Thumb Code     0  libinit2.o(.ARM.Collect$$libinit$$0000001B)
    __rt_lib_init_clock_1                    0x0800016b   Thumb Code     0  libinit2.o(.ARM.Collect$$libinit$$00000021)
    __rt_lib_init_cpp_1                      0x0800016b   Thumb Code     0  libinit2.o(.ARM.Collect$$libinit$$00000032)
    __rt_lib_init_exceptions_1               0x0800016b   Thumb Code     0  libinit2.o(.ARM.Collect$$libinit$$00000030)
    __rt_lib_init_fp_trap_1                  0x0800016b   Thumb Code     0  libinit2.o(.ARM.Collect$$libinit$$0000001F)
    __rt_lib_init_getenv_1                   0x0800016b   Thumb Code     0  libinit2.o(.ARM.Collect$$libinit$$00000023)
    __rt_lib_init_heap_1                     0x0800016b   Thumb Code     0  libinit2.o(.ARM.Collect$$libinit$$0000000A)
    __rt_lib_init_lc_collate_1               0x0800016b   Thumb Code     0  libinit2.o(.ARM.Collect$$libinit$$00000011)
    __rt_lib_init_lc_ctype_1                 0x0800016b   Thumb Code     0  libinit2.o(.ARM.Collect$$libinit$$00000013)
    __rt_lib_init_lc_monetary_1              0x0800016b   Thumb Code     0  libinit2.o(.ARM.Collect$$libinit$$00000015)
    __rt_lib_init_lc_numeric_1               0x0800016b   Thumb Code     0  libinit2.o(.ARM.Collect$$libinit$$00000017)
    __rt_lib_init_lc_time_1                  0x0800016b   Thumb Code     0  libinit2.o(.ARM.Collect$$libinit$$00000019)
    __rt_lib_init_rand_1                     0x0800016b   Thumb Code     0  libinit2.o(.ARM.Collect$$libinit$$0000000E)
    __rt_lib_init_return                     0x0800016b   Thumb Code     0  libinit2.o(.ARM.Collect$$libinit$$00000033)
    __rt_lib_init_signal_1                   0x0800016b   Thumb Code     0  libinit2.o(.ARM.Collect$$libinit$$0000001D)
    __rt_lib_init_stdio_1                    0x0800016b   Thumb Code     0  libinit2.o(.ARM.Collect$$libinit$$00000025)
    __rt_lib_init_user_alloc_1               0x0800016b   Thumb Code     0  libinit2.o(.ARM.Collect$$libinit$$0000000C)
    __rt_lib_shutdown                        0x0800016d   Thumb Code     0  libshutdown.o(.ARM.Collect$$libshutdown$$00000000)
    __rt_lib_shutdown_cpp_1                  0x0800016f   Thumb Code     0  libshutdown2.o(.ARM.Collect$$libshutdown$$00000004)
    __rt_lib_shutdown_fini_1                 0x0800016f   Thumb Code     0  libshutdown2.o(.ARM.Collect$$libshutdown$$00000002)
    __rt_lib_shutdown_fp_trap_1              0x0800016f   Thumb Code     0  libshutdown2.o(.ARM.Collect$$libshutdown$$00000009)
    __rt_lib_shutdown_heap_1                 0x0800016f   Thumb Code     0  libshutdown2.o(.ARM.Collect$$libshutdown$$00000011)
    __rt_lib_shutdown_return                 0x0800016f   Thumb Code     0  libshutdown2.o(.ARM.Collect$$libshutdown$$00000012)
    __rt_lib_shutdown_signal_1               0x0800016f   Thumb Code     0  libshutdown2.o(.ARM.Collect$$libshutdown$$0000000C)
    __rt_lib_shutdown_stdio_1                0x0800016f   Thumb Code     0  libshutdown2.o(.ARM.Collect$$libshutdown$$00000006)
    __rt_lib_shutdown_user_alloc_1           0x0800016f   Thumb Code     0  libshutdown2.o(.ARM.Collect$$libshutdown$$0000000E)
    __rt_entry                               0x08000171   Thumb Code     0  __rtentry.o(.ARM.Collect$$rtentry$$00000000)
    __rt_entry_presh_1                       0x08000171   Thumb Code     0  __rtentry2.o(.ARM.Collect$$rtentry$$00000002)
    __rt_entry_sh                            0x08000171   Thumb Code     0  __rtentry4.o(.ARM.Collect$$rtentry$$00000004)
    __rt_entry_li                            0x08000177   Thumb Code     0  __rtentry2.o(.ARM.Collect$$rtentry$$0000000A)
    __rt_entry_postsh_1                      0x08000177   Thumb Code     0  __rtentry2.o(.ARM.Collect$$rtentry$$00000009)
    __rt_entry_main                          0x0800017b   Thumb Code     0  __rtentry2.o(.ARM.Collect$$rtentry$$0000000D)
    __rt_entry_postli_1                      0x0800017b   Thumb Code     0  __rtentry2.o(.ARM.Collect$$rtentry$$0000000C)
    __rt_exit                                0x08000183   Thumb Code     0  rtexit.o(.ARM.Collect$$rtexit$$00000000)
    __rt_exit_ls                             0x08000185   Thumb Code     0  rtexit2.o(.ARM.Collect$$rtexit$$00000003)
    __rt_exit_prels_1                        0x08000185   Thumb Code     0  rtexit2.o(.ARM.Collect$$rtexit$$00000002)
    __rt_exit_exit                           0x08000189   Thumb Code     0  rtexit2.o(.ARM.Collect$$rtexit$$00000004)
    Reset_Handler                            0x08000191   Thumb Code     8  startup_stm32f10x_md.o(.text)
    _maybe_terminate_alloc                   0x08000191   Thumb Code     0  maybetermalloc1.o(.emb_text)
    NMI_Handler                              0x08000199   Thumb Code     2  startup_stm32f10x_md.o(.text)
    HardFault_Handler                        0x0800019b   Thumb Code     2  startup_stm32f10x_md.o(.text)
    MemManage_Handler                        0x0800019d   Thumb Code     2  startup_stm32f10x_md.o(.text)
    BusFault_Handler                         0x0800019f   Thumb Code     2  startup_stm32f10x_md.o(.text)
    UsageFault_Handler                       0x080001a1   Thumb Code     2  startup_stm32f10x_md.o(.text)
    SVC_Handler                              0x080001a3   Thumb Code     2  startup_stm32f10x_md.o(.text)
    DebugMon_Handler                         0x080001a5   Thumb Code     2  startup_stm32f10x_md.o(.text)
    PendSV_Handler                           0x080001a7   Thumb Code     2  startup_stm32f10x_md.o(.text)
    ADC1_2_IRQHandler                        0x080001ab   Thumb Code     0  startup_stm32f10x_md.o(.text)
    CAN1_RX1_IRQHandler                      0x080001ab   Thumb Code     0  startup_stm32f10x_md.o(.text)
    CAN1_SCE_IRQHandler                      0x080001ab   Thumb Code     0  startup_stm32f10x_md.o(.text)
    DMA1_Channel1_IRQHandler                 0x080001ab   Thumb Code     0  startup_stm32f10x_md.o(.text)
    DMA1_Channel2_IRQHandler                 0x080001ab   Thumb Code     0  startup_stm32f10x_md.o(.text)
    DMA1_Channel3_IRQHandler                 0x080001ab   Thumb Code     0  startup_stm32f10x_md.o(.text)
    DMA1_Channel4_IRQHandler                 0x080001ab   Thumb Code     0  startup_stm32f10x_md.o(.text)
    DMA1_Channel5_IRQHandler                 0x080001ab   Thumb Code     0  startup_stm32f10x_md.o(.text)
    DMA1_Channel6_IRQHandler                 0x080001ab   Thumb Code     0  startup_stm32f10x_md.o(.text)
    DMA1_Channel7_IRQHandler                 0x080001ab   Thumb Code     0  startup_stm32f10x_md.o(.text)
    EXTI0_IRQHandler                         0x080001ab   Thumb Code     0  startup_stm32f10x_md.o(.text)
    EXTI15_10_IRQHandler                     0x080001ab   Thumb Code     0  startup_stm32f10x_md.o(.text)
    EXTI1_IRQHandler                         0x080001ab   Thumb Code     0  startup_stm32f10x_md.o(.text)
    EXTI2_IRQHandler                         0x080001ab   Thumb Code     0  startup_stm32f10x_md.o(.text)
    EXTI3_IRQHandler                         0x080001ab   Thumb Code     0  startup_stm32f10x_md.o(.text)
    EXTI4_IRQHandler                         0x080001ab   Thumb Code     0  startup_stm32f10x_md.o(.text)
    EXTI9_5_IRQHandler                       0x080001ab   Thumb Code     0  startup_stm32f10x_md.o(.text)
    FLASH_IRQHandler                         0x080001ab   Thumb Code     0  startup_stm32f10x_md.o(.text)
    I2C1_ER_IRQHandler                       0x080001ab   Thumb Code     0  startup_stm32f10x_md.o(.text)
    I2C1_EV_IRQHandler                       0x080001ab   Thumb Code     0  startup_stm32f10x_md.o(.text)
    I2C2_ER_IRQHandler                       0x080001ab   Thumb Code     0  startup_stm32f10x_md.o(.text)
    I2C2_EV_IRQHandler                       0x080001ab   Thumb Code     0  startup_stm32f10x_md.o(.text)
    PVD_IRQHandler                           0x080001ab   Thumb Code     0  startup_stm32f10x_md.o(.text)
    RCC_IRQHandler                           0x080001ab   Thumb Code     0  startup_stm32f10x_md.o(.text)
    RTCAlarm_IRQHandler                      0x080001ab   Thumb Code     0  startup_stm32f10x_md.o(.text)
    RTC_IRQHandler                           0x080001ab   Thumb Code     0  startup_stm32f10x_md.o(.text)
    SPI1_IRQHandler                          0x080001ab   Thumb Code     0  startup_stm32f10x_md.o(.text)
    SPI2_IRQHandler                          0x080001ab   Thumb Code     0  startup_stm32f10x_md.o(.text)
    TAMPER_IRQHandler                        0x080001ab   Thumb Code     0  startup_stm32f10x_md.o(.text)
    TIM1_BRK_IRQHandler                      0x080001ab   Thumb Code     0  startup_stm32f10x_md.o(.text)
    TIM1_CC_IRQHandler                       0x080001ab   Thumb Code     0  startup_stm32f10x_md.o(.text)
    TIM1_TRG_COM_IRQHandler                  0x080001ab   Thumb Code     0  startup_stm32f10x_md.o(.text)
    TIM1_UP_IRQHandler                       0x080001ab   Thumb Code     0  startup_stm32f10x_md.o(.text)
    TIM2_IRQHandler                          0x080001ab   Thumb Code     0  startup_stm32f10x_md.o(.text)
    TIM3_IRQHandler                          0x080001ab   Thumb Code     0  startup_stm32f10x_md.o(.text)
    TIM4_IRQHandler                          0x080001ab   Thumb Code     0  startup_stm32f10x_md.o(.text)
    USART2_IRQHandler                        0x080001ab   Thumb Code     0  startup_stm32f10x_md.o(.text)
    USART3_IRQHandler                        0x080001ab   Thumb Code     0  startup_stm32f10x_md.o(.text)
    USBWakeUp_IRQHandler                     0x080001ab   Thumb Code     0  startup_stm32f10x_md.o(.text)
    USB_HP_CAN1_TX_IRQHandler                0x080001ab   Thumb Code     0  startup_stm32f10x_md.o(.text)
    USB_LP_CAN1_RX0_IRQHandler               0x080001ab   Thumb Code     0  startup_stm32f10x_md.o(.text)
    WWDG_IRQHandler                          0x080001ab   Thumb Code     0  startup_stm32f10x_md.o(.text)
    __user_initial_stackheap                 0x080001ad   Thumb Code     0  startup_stm32f10x_md.o(.text)
    malloc                                   0x080001d1   Thumb Code    94  h1_alloc.o(.text)
    free                                     0x0800022f   Thumb Code    78  h1_free.o(.text)
    __aeabi_memcpy                           0x0800027d   Thumb Code     0  rt_memcpy_v6.o(.text)
    __rt_memcpy                              0x0800027d   Thumb Code   138  rt_memcpy_v6.o(.text)
    _memcpy_lastbytes                        0x080002e3   Thumb Code     0  rt_memcpy_v6.o(.text)
    __use_two_region_memory                  0x08000307   Thumb Code     2  heapauxi.o(.text)
    __rt_heap_escrow                         0x08000309   Thumb Code     2  heapauxi.o(.text)
    __rt_heap_expand                         0x0800030b   Thumb Code     2  heapauxi.o(.text)
    __rt_heap_descriptor                     0x0800030d   Thumb Code     8  rt_heap_descriptor_intlibspace.o(.text)
    __use_no_heap                            0x08000315   Thumb Code     2  hguard.o(.text)
    __heap$guard                             0x08000317   Thumb Code     2  hguard.o(.text)
    _terminate_user_alloc                    0x08000319   Thumb Code     2  init_alloc.o(.text)
    _init_user_alloc                         0x0800031b   Thumb Code     2  init_alloc.o(.text)
    __Heap_Full                              0x0800031d   Thumb Code    34  init_alloc.o(.text)
    __Heap_Broken                            0x0800033f   Thumb Code     6  init_alloc.o(.text)
    _init_alloc                              0x08000345   Thumb Code    94  init_alloc.o(.text)
    __Heap_Initialize                        0x080003a3   Thumb Code    10  h1_init.o(.text)
    __Heap_DescSize                          0x080003ad   Thumb Code     4  h1_init.o(.text)
    __aeabi_memcpy4                          0x080003b1   Thumb Code     0  rt_memcpy_w.o(.text)
    __aeabi_memcpy8                          0x080003b1   Thumb Code     0  rt_memcpy_w.o(.text)
    __rt_memcpy_w                            0x080003b1   Thumb Code   100  rt_memcpy_w.o(.text)
    _memcpy_lastbytes_aligned                0x080003f9   Thumb Code     0  rt_memcpy_w.o(.text)
    __user_libspace                          0x08000415   Thumb Code     8  libspace.o(.text)
    __user_perproc_libspace                  0x08000415   Thumb Code     0  libspace.o(.text)
    __user_perthread_libspace                0x08000415   Thumb Code     0  libspace.o(.text)
    __Heap_ProvideMemory                     0x0800041d   Thumb Code    52  h1_extend.o(.text)
    __rt_SIGRTMEM                            0x08000451   Thumb Code    14  defsig_rtmem_outer.o(.text)
    __I$use$semihosting                      0x0800045f   Thumb Code     0  use_no_semi.o(.text)
    __use_no_semihosting_swi                 0x0800045f   Thumb Code     2  use_no_semi.o(.text)
    __semihosting_library_function           0x08000461   Thumb Code     0  indicate_semi.o(.text)
    __user_setup_stackheap                   0x08000461   Thumb Code    74  sys_stackheap_outer.o(.text)
    exit                                     0x080004ab   Thumb Code    18  exit.o(.text)
    __sig_exit                               0x080004bd   Thumb Code    10  defsig_exit.o(.text)
    __rt_SIGRTMEM_inner                      0x080004c9   Thumb Code    22  defsig_rtmem_inner.o(.text)
    _sys_exit                                0x08000519   Thumb Code     8  sys_exit.o(.text)
    __default_signal_display                 0x08000525   Thumb Code    50  defsig_general.o(.text)
    _ttywrch                                 0x08000557   Thumb Code    14  sys_wrch.o(.text)
    BUTTON_Display                           0x08000565   Thumb Code    88  button.o(i.BUTTON_Display)
    BUTTON_Read3                             0x080005d1   Thumb Code   114  button.o(i.BUTTON_Read3)
    BUTTON_Reads                             0x08000669   Thumb Code   166  button.o(i.BUTTON_Reads)
    Convert_HexToString                      0x08000731   Thumb Code    36  convert.o(i.Convert_HexToString)
    DELAY_Init                               0x08000755   Thumb Code    86  delay.o(i.DELAY_Init)
    DELAY_ms                                 0x080007b9   Thumb Code    16  delay.o(i.DELAY_ms)
    Flash_Erase                              0x080007cd   Thumb Code    76  flash.o(i.Flash_Erase)
    Flash_Lock                               0x0800081d   Thumb Code    14  flash.o(i.Flash_Lock)
    Flash_Read8bit                           0x08000831   Thumb Code    14  flash.o(i.Flash_Read8bit)
    Flash_ReadString                         0x0800083f   Thumb Code    86  flash.o(i.Flash_ReadString)
    Flash_ReadStruct                         0x08000895   Thumb Code   196  flash.o(i.Flash_ReadStruct)
    Flash_Unlock                             0x08000961   Thumb Code    12  flash.o(i.Flash_Unlock)
    Flash_Write8bit                          0x08000979   Thumb Code    78  flash.o(i.Flash_Write8bit)
    Flash_WriteString                        0x080009cd   Thumb Code   148  flash.o(i.Flash_WriteString)
    Flash_WriteStruct                        0x08000a65   Thumb Code   100  flash.o(i.Flash_WriteStruct)
    Fn_INPUT_ReadInput                       0x08000ac9   Thumb Code    60  touch.o(i.Fn_INPUT_ReadInput)
    Fsm_Test_Array_Receive                   0x08000b05   Thumb Code   220  fsm_array_receive.o(i.Fsm_Test_Array_Receive)
    GPIO_Init                                0x08000bf1   Thumb Code   278  stm32f10x_gpio.o(i.GPIO_Init)
    GPIO_Inits                               0x08000ddd   Thumb Code    16  gpio.o(i.GPIO_Inits)
    GPIO_LedChange                           0x08000ded   Thumb Code   132  gpio.o(i.GPIO_LedChange)
    GPIO_PinRemapConfig                      0x08000e7d   Thumb Code   138  stm32f10x_gpio.o(i.GPIO_PinRemapConfig)
    GPIO_ReadInputDataBit                    0x08000f0d   Thumb Code    18  stm32f10x_gpio.o(i.GPIO_ReadInputDataBit)
    GPIO_ResetBits                           0x08000f1f   Thumb Code     4  stm32f10x_gpio.o(i.GPIO_ResetBits)
    GPIO_SetBits                             0x08000f23   Thumb Code     4  stm32f10x_gpio.o(i.GPIO_SetBits)
    GPIO_WriteBit                            0x08000f27   Thumb Code    10  stm32f10x_gpio.o(i.GPIO_WriteBit)
    GUI_DrawPoint                            0x08000f31   Thumb Code    24  display.o(i.GUI_DrawPoint)
    LCD_DrawLine                             0x08000f49   Thumb Code   176  display.o(i.LCD_DrawLine)
    LCD_DrawPoint                            0x08000ff9   Thumb Code    24  lcd.o(i.LCD_DrawPoint)
    LCD_Fill                                 0x08001015   Thumb Code   118  display.o(i.LCD_Fill)
    LCD_Init                                 0x08001091   Thumb Code   570  lcd.o(i.LCD_Init)
    LCD_RESET                                0x080012cd   Thumb Code    34  lcd.o(i.LCD_RESET)
    LCD_SetCursor                            0x080012f5   Thumb Code    20  lcd.o(i.LCD_SetCursor)
    LCD_SetWindows                           0x08001309   Thumb Code    84  lcd.o(i.LCD_SetWindows)
    LCD_ShowChar                             0x08001361   Thumb Code   400  display.o(i.LCD_ShowChar)
    LCD_ShowString                           0x08001505   Thumb Code   102  display.o(i.LCD_ShowString)
    LCD_Show_24x48_char                      0x08001575   Thumb Code   312  display.o(i.LCD_Show_24x48_char)
    LCD_WR_DATA                              0x080016b9   Thumb Code    38  lcd.o(i.LCD_WR_DATA)
    LCD_WR_REG                               0x080016e9   Thumb Code    36  lcd.o(i.LCD_WR_REG)
    LCD_WriteRAM_Prepare                     0x08001715   Thumb Code    12  lcd.o(i.LCD_WriteRAM_Prepare)
    LCD_WriteReg                             0x08001725   Thumb Code    20  lcd.o(i.LCD_WriteReg)
    LCD_direction                            0x08001739   Thumb Code   128  lcd.o(i.LCD_direction)
    Lcd_WriteData_16Bit                      0x080017bd   Thumb Code    46  lcd.o(i.Lcd_WriteData_16Bit)
    RCC_APB1PeriphClockCmd                   0x080018c1   Thumb Code    26  stm32f10x_rcc.o(i.RCC_APB1PeriphClockCmd)
    RCC_APB2PeriphClockCmd                   0x080018e1   Thumb Code    26  stm32f10x_rcc.o(i.RCC_APB2PeriphClockCmd)
    RCC_GetClocksFreq                        0x08001901   Thumb Code   192  stm32f10x_rcc.o(i.RCC_GetClocksFreq)
    SEC_Message_Detect_Frame                 0x080019d5   Thumb Code   168  message.o(i.SEC_Message_Detect_Frame)
    SPI2_Init                                0x08001a7d   Thumb Code   186  spi.o(i.SPI2_Init)
    SPI_CalculateCRC                         0x08001b41   Thumb Code    24  stm32f10x_spi.o(i.SPI_CalculateCRC)
    SPI_Cmd                                  0x08001b59   Thumb Code    24  stm32f10x_spi.o(i.SPI_Cmd)
    SPI_Init                                 0x08001b71   Thumb Code    60  stm32f10x_spi.o(i.SPI_Init)
    SPI_WriteByte                            0x08001bad   Thumb Code    34  spi.o(i.SPI_WriteByte)
    SYS_ButtonFunction                       0x08001bd1   Thumb Code   316  sys.o(i.SYS_ButtonFunction)
    SYS_Init                                 0x08001d29   Thumb Code    54  sys.o(i.SYS_Init)
    SYS_ReadFlash                            0x08001d71   Thumb Code   138  sys.o(i.SYS_ReadFlash)
    SYS_ReceiveFuntion                       0x08001e25   Thumb Code   836  sys.o(i.SYS_ReceiveFuntion)
    SYS_Run                                  0x080021ed   Thumb Code    20  sys.o(i.SYS_Run)
    SYS_WriteFlash                           0x08002201   Thumb Code    84  sys.o(i.SYS_WriteFlash)
    Sec_Convert_From_Bytes_To_Uint16         0x08002269   Thumb Code    18  convert.o(i.Sec_Convert_From_Bytes_To_Uint16)
    SysTick_Handler                          0x08002365   Thumb Code    22  delay.o(i.SysTick_Handler)
    SystemCoreClockUpdate                    0x08002381   Thumb Code   142  system_stm32f10x.o(i.SystemCoreClockUpdate)
    SystemInit                               0x08002425   Thumb Code    78  system_stm32f10x.o(i.SystemInit)
    TOUCH_Init                               0x08002485   Thumb Code   134  touch.o(i.TOUCH_Init)
    TP_IRQ_Pin_Run                           0x08002515   Thumb Code    20  touch.o(i.TP_IRQ_Pin_Run)
    TP_Read                                  0x08002531   Thumb Code    62  touch.o(i.TP_Read)
    TP_Read_Coordinates                      0x08002575   Thumb Code   288  touch.o(i.TP_Read_Coordinates)
    TP_Screen                                0x080026a9   Thumb Code    98  touch.o(i.TP_Screen)
    TP_Touch                                 0x08002719   Thumb Code     8  touch.o(i.TP_Touch)
    TP_TouchReset                            0x08002721   Thumb Code    40  touch.o(i.TP_TouchReset)
    TP_Touchpad_Pressed                      0x08002751   Thumb Code    20  touch.o(i.TP_Touchpad_Pressed)
    TP_Write                                 0x08002769   Thumb Code    80  touch.o(i.TP_Write)
    UI_Frame                                 0x080027bd   Thumb Code   180  ui.o(i.UI_Frame)
    UI_Init                                  0x08002879   Thumb Code    70  ui.o(i.UI_Init)
    UI_NamePlayer                            0x080028dd   Thumb Code   186  ui.o(i.UI_NamePlayer)
    UI_Points1                               0x080029b1   Thumb Code   180  ui.o(i.UI_Points1)
    UI_Points2                               0x08002a6d   Thumb Code   180  ui.o(i.UI_Points2)
    UI_RoundNumber                           0x08002b29   Thumb Code   918  ui.o(i.UI_RoundNumber)
    UI_Score1                                0x08002f19   Thumb Code    68  ui.o(i.UI_Score1)
    UI_Score2                                0x08002f65   Thumb Code    68  ui.o(i.UI_Score2)
    USART1_IRQHandler                        0x08002fb1   Thumb Code   112  uart.o(i.USART1_IRQHandler)
    USART_ClearITPendingBit                  0x0800303d   Thumb Code    30  stm32f10x_usart.o(i.USART_ClearITPendingBit)
    USART_Cmd                                0x0800305b   Thumb Code    24  stm32f10x_usart.o(i.USART_Cmd)
    USART_GetFlagStatus                      0x08003073   Thumb Code    26  stm32f10x_usart.o(i.USART_GetFlagStatus)
    USART_GetITStatus                        0x0800308d   Thumb Code    84  stm32f10x_usart.o(i.USART_GetITStatus)
    USART_ITConfig                           0x080030e1   Thumb Code    74  stm32f10x_usart.o(i.USART_ITConfig)
    USART_Init                               0x0800312d   Thumb Code   210  stm32f10x_usart.o(i.USART_Init)
    USART_ReceiveData                        0x08003205   Thumb Code    10  stm32f10x_usart.o(i.USART_ReceiveData)
    USART_SendData                           0x0800320f   Thumb Code     8  stm32f10x_usart.o(i.USART_SendData)
    Usart_CheckFlag_Fsm                      0x08003219   Thumb Code    22  uart.o(i.Usart_CheckFlag_Fsm)
    Usart_Config                             0x08003235   Thumb Code   162  uart.o(i.Usart_Config)
    Usart_SendNumber                         0x080032ed   Thumb Code   174  uart.o(i.Usart_SendNumber)
    Usart_Send_Char                          0x0800339d   Thumb Code    28  uart.o(i.Usart_Send_Char)
    Usart_Send_String                        0x080033bd   Thumb Code    22  uart.o(i.Usart_Send_String)
    _draw_circle_8                           0x080033f5   Thumb Code   132  display.o(i._draw_circle_8)
    gui_circle                               0x08003479   Thumb Code   154  display.o(i.gui_circle)
    main                                     0x08003513   Thumb Code    12  main.o(i.main)
    __aeabi_dadd                             0x080035a5   Thumb Code     0  daddsub_clz.o(x$fpl$dadd)
    _dadd                                    0x080035a5   Thumb Code   332  daddsub_clz.o(x$fpl$dadd)
    __aeabi_d2uiz                            0x080036f5   Thumb Code     0  dfixu.o(x$fpl$dfixu)
    _dfixu                                   0x080036f5   Thumb Code    90  dfixu.o(x$fpl$dfixu)
    __aeabi_i2d                              0x0800374f   Thumb Code     0  dflt_clz.o(x$fpl$dflt)
    _dflt                                    0x0800374f   Thumb Code    46  dflt_clz.o(x$fpl$dflt)
    __aeabi_dmul                             0x0800377d   Thumb Code     0  dmul.o(x$fpl$dmul)
    _dmul                                    0x0800377d   Thumb Code   332  dmul.o(x$fpl$dmul)
    __fpl_dnaninf                            0x080038d1   Thumb Code   156  dnaninf.o(x$fpl$dnaninf)
    __fpl_dretinf                            0x0800396d   Thumb Code    12  dretinf.o(x$fpl$dretinf)
    __aeabi_dsub                             0x08003979   Thumb Code     0  daddsub_clz.o(x$fpl$dsub)
    _dsub                                    0x08003979   Thumb Code   464  daddsub_clz.o(x$fpl$dsub)
    __aeabi_fadd                             0x08003b4d   Thumb Code     0  faddsub_clz.o(x$fpl$fadd)
    _fadd                                    0x08003b4d   Thumb Code   196  faddsub_clz.o(x$fpl$fadd)
    __fpl_fcmp_Inf                           0x08003c11   Thumb Code    24  fcmpi.o(x$fpl$fcmpinf)
    __aeabi_f2uiz                            0x08003c29   Thumb Code     0  ffixu.o(x$fpl$ffixu)
    _ffixu                                   0x08003c29   Thumb Code    62  ffixu.o(x$fpl$ffixu)
    __aeabi_ui2f                             0x08003c69   Thumb Code     0  fflt_clz.o(x$fpl$ffltu)
    _ffltu                                   0x08003c69   Thumb Code    38  fflt_clz.o(x$fpl$ffltu)
    __aeabi_cfcmple                          0x08003c91   Thumb Code     0  fleqf.o(x$fpl$fleqf)
    _fcmple                                  0x08003c91   Thumb Code   104  fleqf.o(x$fpl$fleqf)
    __fpl_fcmple_InfNaN                      0x08003ce3   Thumb Code     0  fleqf.o(x$fpl$fleqf)
    __fpl_fnaninf                            0x08003cf9   Thumb Code   140  fnaninf.o(x$fpl$fnaninf)
    __fpl_fretinf                            0x08003d85   Thumb Code    10  fretinf.o(x$fpl$fretinf)
    __aeabi_frsub                            0x08003d8f   Thumb Code     0  faddsub_clz.o(x$fpl$frsb)
    _frsb                                    0x08003d8f   Thumb Code    20  faddsub_clz.o(x$fpl$frsb)
    __aeabi_fsub                             0x08003da5   Thumb Code     0  faddsub_clz.o(x$fpl$fsub)
    _fsub                                    0x08003da5   Thumb Code   234  faddsub_clz.o(x$fpl$fsub)
    __I$use$fp                               0x08003e8e   Number         0  usenofp.o(x$fpl$usenofp)
    asc2_1206                                0x08003e8e   Data        1140  display.o(.constdata)
    asc2_1608                                0x08004302   Data        1520  display.o(.constdata)
    tfont16                                  0x080048f2   Data        2108  display.o(.constdata)
    tfont24                                  0x0800512e   Data         518  display.o(.constdata)
    tfont32                                  0x08005334   Data         520  display.o(.constdata)
    tile_ch                                  0x0800553c   Data        4560  display.o(.constdata)
    asc2_24x48                               0x0800670c   Data       13680  display.o(.constdata)
    Region$$Table$$Base                      0x08009c7c   Number         0  anon$$obj.o(Region$$Table)
    Region$$Table$$Limit                     0x08009c9c   Number         0  anon$$obj.o(Region$$Table)
    flag_check_save_flash                    0x20000001   Data           1  sys.o(.data)
    string_name2                             0x20000004   Data           4  sys.o(.data)
    string_name1                             0x20000008   Data           4  sys.o(.data)
    POINT_COLOR                              0x20000018   Data           2  lcd.o(.data)
    BACK_COLOR                               0x2000001a   Data           2  lcd.o(.data)
    DeviceCode                               0x2000001c   Data           2  lcd.o(.data)
    previous_point1                          0x2000001e   Data           1  ui.o(.data)
    previous_point2                          0x2000001f   Data           1  ui.o(.data)
    score_past1                              0x20000020   Data           1  ui.o(.data)
    score_past2                              0x20000021   Data           1  ui.o(.data)
    select_round                             0x20000022   Data           2  touch.o(.data)
    flag_touch_menu                          0x20000024   Data           1  touch.o(.data)
    coordinates_x                            0x20000026   Data           2  touch.o(.data)
    coordinates_y                            0x20000028   Data           2  touch.o(.data)
    touch_pad                                0x2000002a   Data           6  touch.o(.data)
    fsm_flag_receive                         0x20000034   Data           1  uart.o(.data)
    count1                                   0x20000042   Data           2  button.o(.data)
    count2                                   0x20000044   Data           2  button.o(.data)
    button_pressed                           0x20000046   Data           1  button.o(.data)
    current_player                           0x20000047   Data           1  button.o(.data)
    game_round                               0x20000048   Data           1  button.o(.data)
    score_player1                            0x20000049   Data           1  button.o(.data)
    score_player2                            0x2000004a   Data           1  button.o(.data)
    flash_read_string_flag                   0x2000004c   Data           1  flash.o(.data)
    flash_read_len_string1                   0x2000004e   Data           2  flash.o(.data)
    flash_read_len_string2                   0x20000050   Data           2  flash.o(.data)
    fsm_state                                0x20000052   Data           1  fsm_array_receive.o(.data)
    length_arr_recerive                      0x20000054   Data           2  fsm_array_receive.o(.data)
    fsm_data_length                          0x20000056   Data           1  fsm_array_receive.o(.data)
    SystemCoreClock                          0x2000006c   Data           4  system_stm32f10x.o(.data)
    AHBPrescTable                            0x20000070   Data          16  system_stm32f10x.o(.data)
    flash_write_str                          0x20000080   Data          86  sys.o(.bss)
    flash_read_str                           0x200000d6   Data          86  sys.o(.bss)
    frame_detect                             0x2000012c   Data          22  sys.o(.bss)
    lcddev                                   0x20000142   Data          14  lcd.o(.bss)
    BT_IRQ_Pin                               0x20000150   Data          12  touch.o(.bss)
    string_receive                           0x2000015c   Data         500  uart.o(.bss)
    arr_data_fsm                             0x20000350   Data          50  uart.o(.bss)
    __libspace_start                         0x20000384   Data          96  libspace.o(.bss)
    __temporary_stack_top$libspace           0x200003e4   Data           0  libspace.o(.bss)



==============================================================================

Memory Map of the image

  Image Entry point : 0x08000191

  Load Region LR_1 (Base: 0x08000000, Size: 0x00009d1c, Max: 0xffffffff, ABSOLUTE)

    Execution Region ER_RO (Exec base: 0x08000000, Load base: 0x08000000, Size: 0x00009c9c, Max: 0xffffffff, ABSOLUTE)

    Exec Addr    Load Addr    Size         Type   Attr      Idx    E Section Name        Object

    0x08000000   0x08000000   0x000000ec   Data   RO         1961    RESET               startup_stm32f10x_md.o
    0x080000ec   0x080000ec   0x00000008   Code   RO         2082  * !!!main             c_w.l(__main.o)
    0x080000f4   0x080000f4   0x00000034   Code   RO         2334    !!!scatter          c_w.l(__scatter.o)
    0x08000128   0x08000128   0x0000001a   Code   RO         2336    !!handler_copy      c_w.l(__scatter_copy.o)
    0x08000142   0x08000142   0x00000002   PAD
    0x08000144   0x08000144   0x0000001c   Code   RO         2338    !!handler_zi        c_w.l(__scatter_zi.o)
    0x08000160   0x08000160   0x00000002   Code   RO         2271    .ARM.Collect$$libinit$$00000000  c_w.l(libinit.o)
    0x08000162   0x08000162   0x00000000   Code   RO         2153    .ARM.Collect$$libinit$$00000002  c_w.l(libinit2.o)
    0x08000162   0x08000162   0x00000000   Code   RO         2155    .ARM.Collect$$libinit$$00000004  c_w.l(libinit2.o)
    0x08000162   0x08000162   0x00000008   Code   RO         2156    .ARM.Collect$$libinit$$00000005  c_w.l(libinit2.o)
    0x0800016a   0x0800016a   0x00000000   Code   RO         2158    .ARM.Collect$$libinit$$0000000A  c_w.l(libinit2.o)
    0x0800016a   0x0800016a   0x00000000   Code   RO         2160    .ARM.Collect$$libinit$$0000000C  c_w.l(libinit2.o)
    0x0800016a   0x0800016a   0x00000000   Code   RO         2162    .ARM.Collect$$libinit$$0000000E  c_w.l(libinit2.o)
    0x0800016a   0x0800016a   0x00000000   Code   RO         2165    .ARM.Collect$$libinit$$00000011  c_w.l(libinit2.o)
    0x0800016a   0x0800016a   0x00000000   Code   RO         2167    .ARM.Collect$$libinit$$00000013  c_w.l(libinit2.o)
    0x0800016a   0x0800016a   0x00000000   Code   RO         2169    .ARM.Collect$$libinit$$00000015  c_w.l(libinit2.o)
    0x0800016a   0x0800016a   0x00000000   Code   RO         2171    .ARM.Collect$$libinit$$00000017  c_w.l(libinit2.o)
    0x0800016a   0x0800016a   0x00000000   Code   RO         2173    .ARM.Collect$$libinit$$00000019  c_w.l(libinit2.o)
    0x0800016a   0x0800016a   0x00000000   Code   RO         2175    .ARM.Collect$$libinit$$0000001B  c_w.l(libinit2.o)
    0x0800016a   0x0800016a   0x00000000   Code   RO         2177    .ARM.Collect$$libinit$$0000001D  c_w.l(libinit2.o)
    0x0800016a   0x0800016a   0x00000000   Code   RO         2179    .ARM.Collect$$libinit$$0000001F  c_w.l(libinit2.o)
    0x0800016a   0x0800016a   0x00000000   Code   RO         2181    .ARM.Collect$$libinit$$00000021  c_w.l(libinit2.o)
    0x0800016a   0x0800016a   0x00000000   Code   RO         2183    .ARM.Collect$$libinit$$00000023  c_w.l(libinit2.o)
    0x0800016a   0x0800016a   0x00000000   Code   RO         2185    .ARM.Collect$$libinit$$00000025  c_w.l(libinit2.o)
    0x0800016a   0x0800016a   0x00000000   Code   RO         2189    .ARM.Collect$$libinit$$0000002C  c_w.l(libinit2.o)
    0x0800016a   0x0800016a   0x00000000   Code   RO         2191    .ARM.Collect$$libinit$$0000002E  c_w.l(libinit2.o)
    0x0800016a   0x0800016a   0x00000000   Code   RO         2193    .ARM.Collect$$libinit$$00000030  c_w.l(libinit2.o)
    0x0800016a   0x0800016a   0x00000000   Code   RO         2195    .ARM.Collect$$libinit$$00000032  c_w.l(libinit2.o)
    0x0800016a   0x0800016a   0x00000002   Code   RO         2196    .ARM.Collect$$libinit$$00000033  c_w.l(libinit2.o)
    0x0800016c   0x0800016c   0x00000002   Code   RO         2331    .ARM.Collect$$libshutdown$$00000000  c_w.l(libshutdown.o)
    0x0800016e   0x0800016e   0x00000000   Code   RO         2285    .ARM.Collect$$libshutdown$$00000002  c_w.l(libshutdown2.o)
    0x0800016e   0x0800016e   0x00000000   Code   RO         2287    .ARM.Collect$$libshutdown$$00000004  c_w.l(libshutdown2.o)
    0x0800016e   0x0800016e   0x00000000   Code   RO         2289    .ARM.Collect$$libshutdown$$00000006  c_w.l(libshutdown2.o)
    0x0800016e   0x0800016e   0x00000000   Code   RO         2292    .ARM.Collect$$libshutdown$$00000009  c_w.l(libshutdown2.o)
    0x0800016e   0x0800016e   0x00000000   Code   RO         2295    .ARM.Collect$$libshutdown$$0000000C  c_w.l(libshutdown2.o)
    0x0800016e   0x0800016e   0x00000000   Code   RO         2297    .ARM.Collect$$libshutdown$$0000000E  c_w.l(libshutdown2.o)
    0x0800016e   0x0800016e   0x00000000   Code   RO         2300    .ARM.Collect$$libshutdown$$00000011  c_w.l(libshutdown2.o)
    0x0800016e   0x0800016e   0x00000002   Code   RO         2301    .ARM.Collect$$libshutdown$$00000012  c_w.l(libshutdown2.o)
    0x08000170   0x08000170   0x00000000   Code   RO         2122    .ARM.Collect$$rtentry$$00000000  c_w.l(__rtentry.o)
    0x08000170   0x08000170   0x00000000   Code   RO         2214    .ARM.Collect$$rtentry$$00000002  c_w.l(__rtentry2.o)
    0x08000170   0x08000170   0x00000006   Code   RO         2226    .ARM.Collect$$rtentry$$00000004  c_w.l(__rtentry4.o)
    0x08000176   0x08000176   0x00000000   Code   RO         2216    .ARM.Collect$$rtentry$$00000009  c_w.l(__rtentry2.o)
    0x08000176   0x08000176   0x00000004   Code   RO         2217    .ARM.Collect$$rtentry$$0000000A  c_w.l(__rtentry2.o)
    0x0800017a   0x0800017a   0x00000000   Code   RO         2219    .ARM.Collect$$rtentry$$0000000C  c_w.l(__rtentry2.o)
    0x0800017a   0x0800017a   0x00000008   Code   RO         2220    .ARM.Collect$$rtentry$$0000000D  c_w.l(__rtentry2.o)
    0x08000182   0x08000182   0x00000002   Code   RO         2274    .ARM.Collect$$rtexit$$00000000  c_w.l(rtexit.o)
    0x08000184   0x08000184   0x00000000   Code   RO         2305    .ARM.Collect$$rtexit$$00000002  c_w.l(rtexit2.o)
    0x08000184   0x08000184   0x00000004   Code   RO         2306    .ARM.Collect$$rtexit$$00000003  c_w.l(rtexit2.o)
    0x08000188   0x08000188   0x00000006   Code   RO         2307    .ARM.Collect$$rtexit$$00000004  c_w.l(rtexit2.o)
    0x0800018e   0x0800018e   0x00000002   PAD
    0x08000190   0x08000190   0x00000000   Code   RO         2230    .emb_text           c_w.l(maybetermalloc1.o)
    0x08000190   0x08000190   0x00000040   Code   RO         1962  * .text               startup_stm32f10x_md.o
    0x080001d0   0x080001d0   0x0000005e   Code   RO         2018    .text               c_w.l(h1_alloc.o)
    0x0800022e   0x0800022e   0x0000004e   Code   RO         2020    .text               c_w.l(h1_free.o)
    0x0800027c   0x0800027c   0x0000008a   Code   RO         2078    .text               c_w.l(rt_memcpy_v6.o)
    0x08000306   0x08000306   0x00000006   Code   RO         2080    .text               c_w.l(heapauxi.o)
    0x0800030c   0x0800030c   0x00000008   Code   RO         2126    .text               c_w.l(rt_heap_descriptor_intlibspace.o)
    0x08000314   0x08000314   0x00000004   Code   RO         2128    .text               c_w.l(hguard.o)
    0x08000318   0x08000318   0x0000008a   Code   RO         2130    .text               c_w.l(init_alloc.o)
    0x080003a2   0x080003a2   0x0000000e   Code   RO         2134    .text               c_w.l(h1_init.o)
    0x080003b0   0x080003b0   0x00000064   Code   RO         2148    .text               c_w.l(rt_memcpy_w.o)
    0x08000414   0x08000414   0x00000008   Code   RO         2210    .text               c_w.l(libspace.o)
    0x0800041c   0x0800041c   0x00000034   Code   RO         2232    .text               c_w.l(h1_extend.o)
    0x08000450   0x08000450   0x0000000e   Code   RO         2236    .text               c_w.l(defsig_rtmem_outer.o)
    0x0800045e   0x0800045e   0x00000002   Code   RO         2247    .text               c_w.l(use_no_semi.o)
    0x08000460   0x08000460   0x00000000   Code   RO         2249    .text               c_w.l(indicate_semi.o)
    0x08000460   0x08000460   0x0000004a   Code   RO         2250    .text               c_w.l(sys_stackheap_outer.o)
    0x080004aa   0x080004aa   0x00000012   Code   RO         2256    .text               c_w.l(exit.o)
    0x080004bc   0x080004bc   0x0000000a   Code   RO         2258    .text               c_w.l(defsig_exit.o)
    0x080004c6   0x080004c6   0x00000002   PAD
    0x080004c8   0x080004c8   0x00000050   Code   RO         2260    .text               c_w.l(defsig_rtmem_inner.o)
    0x08000518   0x08000518   0x0000000c   Code   RO         2272    .text               c_w.l(sys_exit.o)
    0x08000524   0x08000524   0x00000032   Code   RO         2282    .text               c_w.l(defsig_general.o)
    0x08000556   0x08000556   0x0000000e   Code   RO         2302    .text               c_w.l(sys_wrch.o)
    0x08000564   0x08000564   0x0000006c   Code   RO          883    i.BUTTON_Display    button.o
    0x080005d0   0x080005d0   0x00000098   Code   RO          884    i.BUTTON_Read3      button.o
    0x08000668   0x08000668   0x000000c8   Code   RO          885    i.BUTTON_Reads      button.o
    0x08000730   0x08000730   0x00000024   Code   RO          922    i.Convert_HexToString  convert.o
    0x08000754   0x08000754   0x00000064   Code   RO          208    i.DELAY_Init        delay.o
    0x080007b8   0x080007b8   0x00000014   Code   RO          209    i.DELAY_ms          delay.o
    0x080007cc   0x080007cc   0x00000050   Code   RO         1029    i.Flash_Erase       flash.o
    0x0800081c   0x0800081c   0x00000014   Code   RO         1030    i.Flash_Lock        flash.o
    0x08000830   0x08000830   0x0000000e   Code   RO         1034    i.Flash_Read8bit    flash.o
    0x0800083e   0x0800083e   0x00000056   Code   RO         1039    i.Flash_ReadString  flash.o
    0x08000894   0x08000894   0x000000cc   Code   RO         1040    i.Flash_ReadStruct  flash.o
    0x08000960   0x08000960   0x00000018   Code   RO         1041    i.Flash_Unlock      flash.o
    0x08000978   0x08000978   0x00000054   Code   RO         1045    i.Flash_Write8bit   flash.o
    0x080009cc   0x080009cc   0x00000098   Code   RO         1050    i.Flash_WriteString  flash.o
    0x08000a64   0x08000a64   0x00000064   Code   RO         1051    i.Flash_WriteStruct  flash.o
    0x08000ac8   0x08000ac8   0x0000003c   Code   RO          685    i.Fn_INPUT_ReadInput  touch.o
    0x08000b04   0x08000b04   0x000000ec   Code   RO         1192    i.Fsm_Test_Array_Receive  fsm_array_receive.o
    0x08000bf0   0x08000bf0   0x00000116   Code   RO         1282    i.GPIO_Init         stm32f10x_gpio.o
    0x08000d06   0x08000d06   0x00000002   PAD
    0x08000d08   0x08000d08   0x00000038   Code   RO          250    i.GPIO_InitButton   gpio.o
    0x08000d40   0x08000d40   0x0000003c   Code   RO          251    i.GPIO_InitLed      gpio.o
    0x08000d7c   0x08000d7c   0x00000060   Code   RO          252    i.GPIO_InitSpi      gpio.o
    0x08000ddc   0x08000ddc   0x00000010   Code   RO          253    i.GPIO_Inits        gpio.o
    0x08000dec   0x08000dec   0x00000090   Code   RO          254    i.GPIO_LedChange    gpio.o
    0x08000e7c   0x08000e7c   0x00000090   Code   RO         1284    i.GPIO_PinRemapConfig  stm32f10x_gpio.o
    0x08000f0c   0x08000f0c   0x00000012   Code   RO         1286    i.GPIO_ReadInputDataBit  stm32f10x_gpio.o
    0x08000f1e   0x08000f1e   0x00000004   Code   RO         1289    i.GPIO_ResetBits    stm32f10x_gpio.o
    0x08000f22   0x08000f22   0x00000004   Code   RO         1290    i.GPIO_SetBits      stm32f10x_gpio.o
    0x08000f26   0x08000f26   0x0000000a   Code   RO         1293    i.GPIO_WriteBit     stm32f10x_gpio.o
    0x08000f30   0x08000f30   0x00000018   Code   RO          336    i.GUI_DrawPoint     display.o
    0x08000f48   0x08000f48   0x000000b0   Code   RO          342    i.LCD_DrawLine      display.o
    0x08000ff8   0x08000ff8   0x0000001c   Code   RO          506    i.LCD_DrawPoint     lcd.o
    0x08001014   0x08001014   0x0000007c   Code   RO          344    i.LCD_Fill          display.o
    0x08001090   0x08001090   0x0000023a   Code   RO          507    i.LCD_Init          lcd.o
    0x080012ca   0x080012ca   0x00000002   PAD
    0x080012cc   0x080012cc   0x00000028   Code   RO          508    i.LCD_RESET         lcd.o
    0x080012f4   0x080012f4   0x00000014   Code   RO          509    i.LCD_SetCursor     lcd.o
    0x08001308   0x08001308   0x00000058   Code   RO          510    i.LCD_SetWindows    lcd.o
    0x08001360   0x08001360   0x000001a4   Code   RO          345    i.LCD_ShowChar      display.o
    0x08001504   0x08001504   0x00000070   Code   RO          347    i.LCD_ShowString    display.o
    0x08001574   0x08001574   0x00000144   Code   RO          349    i.LCD_Show_24x48_char  display.o
    0x080016b8   0x080016b8   0x00000030   Code   RO          511    i.LCD_WR_DATA       lcd.o
    0x080016e8   0x080016e8   0x0000002c   Code   RO          512    i.LCD_WR_REG        lcd.o
    0x08001714   0x08001714   0x00000010   Code   RO          513    i.LCD_WriteRAM_Prepare  lcd.o
    0x08001724   0x08001724   0x00000014   Code   RO          514    i.LCD_WriteReg      lcd.o
    0x08001738   0x08001738   0x00000084   Code   RO          515    i.LCD_direction     lcd.o
    0x080017bc   0x080017bc   0x00000038   Code   RO          516    i.Lcd_WriteData_16Bit  lcd.o
    0x080017f4   0x080017f4   0x0000007c   Code   RO          785    i.Pin_Config        uart.o
    0x08001870   0x08001870   0x00000050   Code   RO          141    i.Print_Data_Detect  sys.o
    0x080018c0   0x080018c0   0x00000020   Code   RO         1404    i.RCC_APB1PeriphClockCmd  stm32f10x_rcc.o
    0x080018e0   0x080018e0   0x00000020   Code   RO         1406    i.RCC_APB2PeriphClockCmd  stm32f10x_rcc.o
    0x08001900   0x08001900   0x000000d4   Code   RO         1414    i.RCC_GetClocksFreq  stm32f10x_rcc.o
    0x080019d4   0x080019d4   0x000000a8   Code   RO          960    i.SEC_Message_Detect_Frame  message.o
    0x08001a7c   0x08001a7c   0x000000c4   Code   RO          296    i.SPI2_Init         spi.o
    0x08001b40   0x08001b40   0x00000018   Code   RO         1618    i.SPI_CalculateCRC  stm32f10x_spi.o
    0x08001b58   0x08001b58   0x00000018   Code   RO         1619    i.SPI_Cmd           stm32f10x_spi.o
    0x08001b70   0x08001b70   0x0000003c   Code   RO         1632    i.SPI_Init          stm32f10x_spi.o
    0x08001bac   0x08001bac   0x00000022   Code   RO          297    i.SPI_WriteByte     spi.o
    0x08001bce   0x08001bce   0x00000002   PAD
    0x08001bd0   0x08001bd0   0x00000158   Code   RO          142    i.SYS_ButtonFunction  sys.o
    0x08001d28   0x08001d28   0x00000048   Code   RO          143    i.SYS_Init          sys.o
    0x08001d70   0x08001d70   0x000000b4   Code   RO          144    i.SYS_ReadFlash     sys.o
    0x08001e24   0x08001e24   0x000003c8   Code   RO          145    i.SYS_ReceiveFuntion  sys.o
    0x080021ec   0x080021ec   0x00000014   Code   RO          146    i.SYS_Run           sys.o
    0x08002200   0x08002200   0x00000068   Code   RO          147    i.SYS_WriteFlash    sys.o
    0x08002268   0x08002268   0x00000012   Code   RO          923    i.Sec_Convert_From_Bytes_To_Uint16  convert.o
    0x0800227a   0x0800227a   0x00000008   Code   RO         1969    i.SetSysClock       system_stm32f10x.o
    0x08002282   0x08002282   0x00000002   PAD
    0x08002284   0x08002284   0x000000e0   Code   RO         1970    i.SetSysClockTo72   system_stm32f10x.o
    0x08002364   0x08002364   0x0000001c   Code   RO          210    i.SysTick_Handler   delay.o
    0x08002380   0x08002380   0x000000a4   Code   RO         1971    i.SystemCoreClockUpdate  system_stm32f10x.o
    0x08002424   0x08002424   0x00000060   Code   RO         1972    i.SystemInit        system_stm32f10x.o
    0x08002484   0x08002484   0x00000090   Code   RO          686    i.TOUCH_Init        touch.o
    0x08002514   0x08002514   0x0000001c   Code   RO          687    i.TP_IRQ_Pin_Run    touch.o
    0x08002530   0x08002530   0x00000044   Code   RO          688    i.TP_Read           touch.o
    0x08002574   0x08002574   0x00000134   Code   RO          689    i.TP_Read_Coordinates  touch.o
    0x080026a8   0x080026a8   0x00000070   Code   RO          690    i.TP_Screen         touch.o
    0x08002718   0x08002718   0x00000008   Code   RO          691    i.TP_Touch          touch.o
    0x08002720   0x08002720   0x00000030   Code   RO          693    i.TP_TouchReset     touch.o
    0x08002750   0x08002750   0x00000018   Code   RO          694    i.TP_Touchpad_Pressed  touch.o
    0x08002768   0x08002768   0x00000054   Code   RO          695    i.TP_Write          touch.o
    0x080027bc   0x080027bc   0x000000bc   Code   RO          607    i.UI_Frame          ui.o
    0x08002878   0x08002878   0x00000064   Code   RO          608    i.UI_Init           ui.o
    0x080028dc   0x080028dc   0x000000d4   Code   RO          610    i.UI_NamePlayer     ui.o
    0x080029b0   0x080029b0   0x000000bc   Code   RO          611    i.UI_Points1        ui.o
    0x08002a6c   0x08002a6c   0x000000bc   Code   RO          612    i.UI_Points2        ui.o
    0x08002b28   0x08002b28   0x000003f0   Code   RO          613    i.UI_RoundNumber    ui.o
    0x08002f18   0x08002f18   0x0000004c   Code   RO          614    i.UI_Score1         ui.o
    0x08002f64   0x08002f64   0x0000004c   Code   RO          615    i.UI_Score2         ui.o
    0x08002fb0   0x08002fb0   0x0000008c   Code   RO          786    i.USART1_IRQHandler  uart.o
    0x0800303c   0x0800303c   0x0000001e   Code   RO         1771    i.USART_ClearITPendingBit  stm32f10x_usart.o
    0x0800305a   0x0800305a   0x00000018   Code   RO         1774    i.USART_Cmd         stm32f10x_usart.o
    0x08003072   0x08003072   0x0000001a   Code   RO         1777    i.USART_GetFlagStatus  stm32f10x_usart.o
    0x0800308c   0x0800308c   0x00000054   Code   RO         1778    i.USART_GetITStatus  stm32f10x_usart.o
    0x080030e0   0x080030e0   0x0000004a   Code   RO         1780    i.USART_ITConfig    stm32f10x_usart.o
    0x0800312a   0x0800312a   0x00000002   PAD
    0x0800312c   0x0800312c   0x000000d8   Code   RO         1781    i.USART_Init        stm32f10x_usart.o
    0x08003204   0x08003204   0x0000000a   Code   RO         1788    i.USART_ReceiveData  stm32f10x_usart.o
    0x0800320e   0x0800320e   0x00000008   Code   RO         1791    i.USART_SendData    stm32f10x_usart.o
    0x08003216   0x08003216   0x00000002   PAD
    0x08003218   0x08003218   0x0000001c   Code   RO          788    i.Usart_CheckFlag_Fsm  uart.o
    0x08003234   0x08003234   0x000000b8   Code   RO          790    i.Usart_Config      uart.o
    0x080032ec   0x080032ec   0x000000ae   Code   RO          792    i.Usart_SendNumber  uart.o
    0x0800339a   0x0800339a   0x00000002   PAD
    0x0800339c   0x0800339c   0x00000020   Code   RO          793    i.Usart_Send_Char   uart.o
    0x080033bc   0x080033bc   0x00000016   Code   RO          794    i.Usart_Send_String  uart.o
    0x080033d2   0x080033d2   0x00000022   Code   RO          796    i.__NVIC_EnableIRQ  uart.o
    0x080033f4   0x080033f4   0x00000084   Code   RO          351    i._draw_circle_8    display.o
    0x08003478   0x08003478   0x0000009a   Code   RO          353    i.gui_circle        display.o
    0x08003512   0x08003512   0x0000000c   Code   RO            4    i.main              main.o
    0x0800351e   0x0800351e   0x00000002   PAD
    0x08003520   0x08003520   0x00000084   Code   RO          696    i.reset             touch.o
    0x080035a4   0x080035a4   0x00000150   Code   RO         2084    x$fpl$dadd          fz_ws.l(daddsub_clz.o)
    0x080036f4   0x080036f4   0x0000005a   Code   RO         2090    x$fpl$dfixu         fz_ws.l(dfixu.o)
    0x0800374e   0x0800374e   0x0000002e   Code   RO         2095    x$fpl$dflt          fz_ws.l(dflt_clz.o)
    0x0800377c   0x0800377c   0x00000154   Code   RO         2100    x$fpl$dmul          fz_ws.l(dmul.o)
    0x080038d0   0x080038d0   0x0000009c   Code   RO         2197    x$fpl$dnaninf       fz_ws.l(dnaninf.o)
    0x0800396c   0x0800396c   0x0000000c   Code   RO         2199    x$fpl$dretinf       fz_ws.l(dretinf.o)
    0x08003978   0x08003978   0x000001d4   Code   RO         2086    x$fpl$dsub          fz_ws.l(daddsub_clz.o)
    0x08003b4c   0x08003b4c   0x000000c4   Code   RO         2102    x$fpl$fadd          fz_ws.l(faddsub_clz.o)
    0x08003c10   0x08003c10   0x00000018   Code   RO         2201    x$fpl$fcmpinf       fz_ws.l(fcmpi.o)
    0x08003c28   0x08003c28   0x0000003e   Code   RO         2108    x$fpl$ffixu         fz_ws.l(ffixu.o)
    0x08003c66   0x08003c66   0x00000002   PAD
    0x08003c68   0x08003c68   0x00000026   Code   RO         2112    x$fpl$ffltu         fz_ws.l(fflt_clz.o)
    0x08003c8e   0x08003c8e   0x00000002   PAD
    0x08003c90   0x08003c90   0x00000068   Code   RO         2118    x$fpl$fleqf         fz_ws.l(fleqf.o)
    0x08003cf8   0x08003cf8   0x0000008c   Code   RO         2203    x$fpl$fnaninf       fz_ws.l(fnaninf.o)
    0x08003d84   0x08003d84   0x0000000a   Code   RO         2205    x$fpl$fretinf       fz_ws.l(fretinf.o)
    0x08003d8e   0x08003d8e   0x00000014   Code   RO         2103    x$fpl$frsb          fz_ws.l(faddsub_clz.o)
    0x08003da2   0x08003da2   0x00000002   PAD
    0x08003da4   0x08003da4   0x000000ea   Code   RO         2104    x$fpl$fsub          fz_ws.l(faddsub_clz.o)
    0x08003e8e   0x08003e8e   0x00000000   Code   RO         2207    x$fpl$usenofp       fz_ws.l(usenofp.o)
    0x08003e8e   0x08003e8e   0x00005dee   Data   RO          356    .constdata          display.o
    0x08009c7c   0x08009c7c   0x00000020   Data   RO         2332    Region$$Table       anon$$obj.o


    Execution Region ER_RW (Exec base: 0x20000000, Load base: 0x08009c9c, Size: 0x00000080, Max: 0xffffffff, ABSOLUTE)

    Exec Addr    Load Addr    Size         Type   Attr      Idx    E Section Name        Object

    0x20000000   0x08009c9c   0x00000014   Data   RW          149    .data               sys.o
    0x20000014   0x08009cb0   0x00000004   Data   RW          211    .data               delay.o
    0x20000018   0x08009cb4   0x00000006   Data   RW          518    .data               lcd.o
    0x2000001e   0x08009cba   0x00000004   Data   RW          616    .data               ui.o
    0x20000022   0x08009cbe   0x0000000e   Data   RW          698    .data               touch.o
    0x20000030   0x08009ccc   0x00000005   Data   RW          798    .data               uart.o
    0x20000035   0x08009cd1   0x00000001   PAD
    0x20000036   0x08009cd2   0x00000015   Data   RW          886    .data               button.o
    0x2000004b   0x08009ce7   0x00000001   PAD
    0x2000004c   0x08009ce8   0x00000006   Data   RW         1053    .data               flash.o
    0x20000052   0x08009cee   0x00000005   Data   RW         1193    .data               fsm_array_receive.o
    0x20000057   0x08009cf3   0x00000014   Data   RW         1434    .data               stm32f10x_rcc.o
    0x2000006b   0x08009d07   0x00000001   PAD
    0x2000006c   0x08009d08   0x00000014   Data   RW         1973    .data               system_stm32f10x.o


    Execution Region ER_ZI (Exec base: 0x20000080, Load base: 0x08009d1c, Size: 0x00000968, Max: 0xffffffff, ABSOLUTE)

    Exec Addr    Load Addr    Size         Type   Attr      Idx    E Section Name        Object

    0x20000080        -       0x000000c2   Zero   RW          148    .bss                sys.o
    0x20000142        -       0x0000000e   Zero   RW          517    .bss                lcd.o
    0x20000150        -       0x0000000c   Zero   RW          697    .bss                touch.o
    0x2000015c        -       0x00000226   Zero   RW          797    .bss                uart.o
    0x20000382   0x08009d1c   0x00000002   PAD
    0x20000384        -       0x00000060   Zero   RW         2211    .bss                c_w.l(libspace.o)
    0x200003e4   0x08009d1c   0x00000004   PAD
    0x200003e8        -       0x00000200   Zero   RW         1960    HEAP                startup_stm32f10x_md.o
    0x200005e8        -       0x00000400   Zero   RW         1959    STACK               startup_stm32f10x_md.o


==============================================================================

Image component sizes


      Code (inc. data)   RO Data    RW Data    ZI Data      Debug   Object Name

       460         92          0         21          0       2244   button.o
        54          0          0          0          0       2193   convert.o
       148         24          0          4          0      27129   delay.o
      1466         48      24046          0          0       8535   display.o
       764         40          0          6          0       7145   flash.o
       236         16          0          5          0       2277   fsm_array_receive.o
       372         34          0          0          0       2406   gpio.o
      1062         50          0          6         14       7822   lcd.o
        12          0          0          0          0     241910   main.o
       168          0          0          0          0       1271   message.o
       230         10          0          0          0       1476   spi.o
        64         26        236          0       1536        856   startup_stm32f10x_md.o
       458          6          0          0          0       5358   stm32f10x_gpio.o
       276         32          0         20          0       4606   stm32f10x_rcc.o
       108          0          0          0          0       2868   stm32f10x_spi.o
       472          6          0          0          0       7159   stm32f10x_usart.o
      1768        252          0         20        194       5182   sys.o
       492         50          0         20          0       3141   system_stm32f10x.o
      1016        106          0         14         12       8099   touch.o
       738         76          0          5        550       5569   uart.o
      2036        200          0          4          0       5242   ui.o

    ----------------------------------------------------------------------
     12416       1068      24314        128       2308     352488   Object Totals
         0          0         32          0          0          0   (incl. Generated)
        16          0          0          3          2          0   (incl. Padding)

    ----------------------------------------------------------------------

      Code (inc. data)   RO Data    RW Data    ZI Data      Debug   Library Member Name

         8          0          0          0          0         68   __main.o
         0          0          0          0          0          0   __rtentry.o
        12          0          0          0          0          0   __rtentry2.o
         6          0          0          0          0          0   __rtentry4.o
        52          8          0          0          0          0   __scatter.o
        26          0          0          0          0          0   __scatter_copy.o
        28          0          0          0          0          0   __scatter_zi.o
        10          0          0          0          0         68   defsig_exit.o
        50          0          0          0          0         88   defsig_general.o
        80         58          0          0          0         76   defsig_rtmem_inner.o
        14          0          0          0          0         80   defsig_rtmem_outer.o
        18          0          0          0          0         80   exit.o
        94          0          0          0          0         80   h1_alloc.o
        52          0          0          0          0         68   h1_extend.o
        78          0          0          0          0         80   h1_free.o
        14          0          0          0          0         84   h1_init.o
         6          0          0          0          0        152   heapauxi.o
         4          0          0          0          0        136   hguard.o
         0          0          0          0          0          0   indicate_semi.o
       138          0          0          0          0        168   init_alloc.o
         2          0          0          0          0          0   libinit.o
        10          0          0          0          0          0   libinit2.o
         2          0          0          0          0          0   libshutdown.o
         2          0          0          0          0          0   libshutdown2.o
         8          4          0          0         96         68   libspace.o
         0          0          0          0          0          0   maybetermalloc1.o
         8          4          0          0          0         68   rt_heap_descriptor_intlibspace.o
       138          0          0          0          0         68   rt_memcpy_v6.o
       100          0          0          0          0         80   rt_memcpy_w.o
         2          0          0          0          0          0   rtexit.o
        10          0          0          0          0          0   rtexit2.o
        12          4          0          0          0         68   sys_exit.o
        74          0          0          0          0         80   sys_stackheap_outer.o
        14          0          0          0          0         76   sys_wrch.o
         2          0          0          0          0         68   use_no_semi.o
       804         16          0          0          0        272   daddsub_clz.o
        90          4          0          0          0         92   dfixu.o
        46          0          0          0          0         68   dflt_clz.o
       340         12          0          0          0        104   dmul.o
       156          4          0          0          0         92   dnaninf.o
        12          0          0          0          0         68   dretinf.o
       450          8          0          0          0        236   faddsub_clz.o
        24          0          0          0          0         68   fcmpi.o
        62          4          0          0          0         84   ffixu.o
        38          0          0          0          0         68   fflt_clz.o
       104          4          0          0          0         84   fleqf.o
       140          4          0          0          0         84   fnaninf.o
        10          0          0          0          0         68   fretinf.o
         0          0          0          0          0          0   usenofp.o

    ----------------------------------------------------------------------
      3362        134          0          0        100       3192   Library Totals
        12          0          0          0          4          0   (incl. Padding)

    ----------------------------------------------------------------------

      Code (inc. data)   RO Data    RW Data    ZI Data      Debug   Library Name

      1074         78          0          0         96       1804   c_w.l
      2276         56          0          0          0       1388   fz_ws.l

    ----------------------------------------------------------------------
      3362        134          0          0        100       3192   Library Totals

    ----------------------------------------------------------------------

==============================================================================


      Code (inc. data)   RO Data    RW Data    ZI Data      Debug   

     15778       1202      24314        128       2408     348656   Grand Totals
     15778       1202      24314        128       2408     348656   ELF Image Totals
     15778       1202      24314        128          0          0   ROM Totals

==============================================================================

    Total RO  Size (Code + RO Data)                40092 (  39.15kB)
    Total RW  Size (RW Data + ZI Data)              2536 (   2.48kB)
    Total ROM Size (Code + RO Data + RW Data)      40220 (  39.28kB)

==============================================================================

